
> frontend@0.0.0 test
> vitest --run src/__tests__/integration/workflow-integration.test.tsx


[1m[46m RUN [49m[22m [36mv4.0.8 [39m[90mC:/Users/carlo/Documents/githubprojects/stockease/frontend[39m

node.exe : Browserslist: browsers data (caniuse-lite) is 11 months old. Please 
run:
In C:\nvm4w\nodejs\npm.ps1:16 Zeichen:5
+     & "$basedir/node$exe"  "$basedir/node_modules/npm/bin/npm-cli.js" ...
+     ~~~~~~~~~~~~~~~~~~~~~~~~~~~~~~~~~~~~~~~~~~~~~~~~~~~~~~~~~~~~~~~~~
    + CategoryInfo          : NotSpecified: (Browserslist: b...ld. Please run:: 
   String) [], RemoteException
    + FullyQualifiedErrorId : NativeCommandError
 
  npx update-browserslist-db@latest
  Why you should do it regularly: 
https://github.com/browserslist/update-db#readme
Error: Uncaught [Error: You cannot render a <Router> inside another <Router>. 
You should never have more than one in your app.]
    at reportException (C:\Users\carlo\Documents\githubprojects\stockease\fronte
nd\node_modules\jsdom\lib\jsdom\living\helpers\runtime-script-errors.js:66:24)
    at innerInvokeEventListeners (C:\Users\carlo\Documents\githubprojects\stocke
ase\frontend\node_modules\jsdom\lib\jsdom\living\events\EventTarget-impl.js:353:
9)
    at invokeEventListeners (C:\Users\carlo\Documents\githubprojects\stockease\f
rontend\node_modules\jsdom\lib\jsdom\living\events\EventTarget-impl.js:286:3)
    at HTMLUnknownElementImpl._dispatch (C:\Users\carlo\Documents\githubprojects
\stockease\frontend\node_modules\jsdom\lib\jsdom\living\events\EventTarget-impl.
js:233:9)
    at HTMLUnknownElementImpl.dispatchEvent (C:\Users\carlo\Documents\githubproj
ects\stockease\frontend\node_modules\jsdom\lib\jsdom\living\events\EventTarget-i
mpl.js:104:17)
    at HTMLUnknownElement.dispatchEvent (C:\Users\carlo\Documents\githubprojects
\stockease\frontend\node_modules\jsdom\lib\jsdom\living\generated\EventTarget.js
:241:34)
    at Object.invokeGuardedCallbackDev (C:\Users\carlo\Documents\githubprojects\
stockease\frontend\node_modules\react-dom\cjs\react-dom.development.js:4213:16)
    at invokeGuardedCallback (C:\Users\carlo\Documents\githubprojects\stockease\
frontend\node_modules\react-dom\cjs\react-dom.development.js:4277:31)
    at beginWork$1 (C:\Users\carlo\Documents\githubprojects\stockease\frontend\n
ode_modules\react-dom\cjs\react-dom.development.js:27490:7)
    at performUnitOfWork (C:\Users\carlo\Documents\githubprojects\stockease\fron
tend\node_modules\react-dom\cjs\react-dom.development.js:26599:12) Error: You 
cannot render a <Router> inside another <Router>. You should never have more 
than one in your app.
    at invariant (file:///C:/Users/carlo/Documents/githubprojects/stockease/fron
tend/node_modules/react-router/dist/development/chunk-UIGDSWPH.mjs:188:11)
    at Router (file:///C:/Users/carlo/Documents/githubprojects/stockease/fronten
d/node_modules/react-router/dist/development/chunk-UIGDSWPH.mjs:6411:3)
    at renderWithHooks (C:\Users\carlo\Documents\githubprojects\stockease\fronte
nd\node_modules\react-dom\cjs\react-dom.development.js:15486:18)
    at mountIndeterminateComponent (C:\Users\carlo\Documents\githubprojects\stoc
kease\frontend\node_modules\react-dom\cjs\react-dom.development.js:20103:13)
    at beginWork (C:\Users\carlo\Documents\githubprojects\stockease\frontend\nod
e_modules\react-dom\cjs\react-dom.development.js:21626:16)
    at HTMLUnknownElement.callCallback (C:\Users\carlo\Documents\githubprojects\
stockease\frontend\node_modules\react-dom\cjs\react-dom.development.js:4164:14)
    at HTMLUnknownElement.callTheUserObjectsOperation (C:\Users\carlo\Documents\
githubprojects\stockease\frontend\node_modules\jsdom\lib\jsdom\living\generated\
EventListener.js:26:30)
    at innerInvokeEventListeners (C:\Users\carlo\Documents\githubprojects\stocke
ase\frontend\node_modules\jsdom\lib\jsdom\living\events\EventTarget-impl.js:350:
25)
    at invokeEventListeners (C:\Users\carlo\Documents\githubprojects\stockease\f
rontend\node_modules\jsdom\lib\jsdom\living\events\EventTarget-impl.js:286:3)
    at HTMLUnknownElementImpl._dispatch (C:\Users\carlo\Documents\githubprojects
\stockease\frontend\node_modules\jsdom\lib\jsdom\living\events\EventTarget-impl.
js:233:9)
Error: Uncaught [Error: You cannot render a <Router> inside another <Router>. 
You should never have more than one in your app.]
    at reportException (C:\Users\carlo\Documents\githubprojects\stockease\fronte
nd\node_modules\jsdom\lib\jsdom\living\helpers\runtime-script-errors.js:66:24)
    at innerInvokeEventListeners (C:\Users\carlo\Documents\githubprojects\stocke
ase\frontend\node_modules\jsdom\lib\jsdom\living\events\EventTarget-impl.js:353:
9)
    at invokeEventListeners (C:\Users\carlo\Documents\githubprojects\stockease\f
rontend\node_modules\jsdom\lib\jsdom\living\events\EventTarget-impl.js:286:3)
    at HTMLUnknownElementImpl._dispatch (C:\Users\carlo\Documents\githubprojects
\stockease\frontend\node_modules\jsdom\lib\jsdom\living\events\EventTarget-impl.
js:233:9)
    at HTMLUnknownElementImpl.dispatchEvent (C:\Users\carlo\Documents\githubproj
ects\stockease\frontend\node_modules\jsdom\lib\jsdom\living\events\EventTarget-i
mpl.js:104:17)
    at HTMLUnknownElement.dispatchEvent (C:\Users\carlo\Documents\githubprojects
\stockease\frontend\node_modules\jsdom\lib\jsdom\living\generated\EventTarget.js
:241:34)
    at Object.invokeGuardedCallbackDev (C:\Users\carlo\Documents\githubprojects\
stockease\frontend\node_modules\react-dom\cjs\react-dom.development.js:4213:16)
    at invokeGuardedCallback (C:\Users\carlo\Documents\githubprojects\stockease\
frontend\node_modules\react-dom\cjs\react-dom.development.js:4277:31)
    at beginWork$1 (C:\Users\carlo\Documents\githubprojects\stockease\frontend\n
ode_modules\react-dom\cjs\react-dom.development.js:27490:7)
    at performUnitOfWork (C:\Users\carlo\Documents\githubprojects\stockease\fron
tend\node_modules\react-dom\cjs\react-dom.development.js:26599:12) Error: You 
cannot render a <Router> inside another <Router>. You should never have more 
than one in your app.
    at invariant (file:///C:/Users/carlo/Documents/githubprojects/stockease/fron
tend/node_modules/react-router/dist/development/chunk-UIGDSWPH.mjs:188:11)
    at Router (file:///C:/Users/carlo/Documents/githubprojects/stockease/fronten
d/node_modules/react-router/dist/development/chunk-UIGDSWPH.mjs:6411:3)
    at renderWithHooks (C:\Users\carlo\Documents\githubprojects\stockease\fronte
nd\node_modules\react-dom\cjs\react-dom.development.js:15486:18)
    at mountIndeterminateComponent (C:\Users\carlo\Documents\githubprojects\stoc
kease\frontend\node_modules\react-dom\cjs\react-dom.development.js:20103:13)
    at beginWork (C:\Users\carlo\Documents\githubprojects\stockease\frontend\nod
e_modules\react-dom\cjs\react-dom.development.js:21626:16)
    at HTMLUnknownElement.callCallback (C:\Users\carlo\Documents\githubprojects\
stockease\frontend\node_modules\react-dom\cjs\react-dom.development.js:4164:14)
    at HTMLUnknownElement.callTheUserObjectsOperation (C:\Users\carlo\Documents\
githubprojects\stockease\frontend\node_modules\jsdom\lib\jsdom\living\generated\
EventListener.js:26:30)
    at innerInvokeEventListeners (C:\Users\carlo\Documents\githubprojects\stocke
ase\frontend\node_modules\jsdom\lib\jsdom\living\events\EventTarget-impl.js:350:
25)
    at invokeEventListeners (C:\Users\carlo\Documents\githubprojects\stockease\f
rontend\node_modules\jsdom\lib\jsdom\living\events\EventTarget-impl.js:286:3)
    at HTMLUnknownElementImpl._dispatch (C:\Users\carlo\Documents\githubprojects
\stockease\frontend\node_modules\jsdom\lib\jsdom\living\events\EventTarget-impl.
js:233:9)
[90mstderr[2m | src/__tests__/integration/workflow-integration.test.tsx[2m > 
[22m[2mIntegration Tests - Multi-Component Workflows[2m > [22m[2mApp-Level 
Routing and Provider Integration[2m > [22m[2mshould render App with Router 
and i18n providers
[22m[39mThe above error occurred in the <Router> component:

    at Router (file:///C:/Users/carlo/Documents/githubprojects/stockease/fronten
d/node_modules/react-router/dist/development/chunk-UIGDSWPH.mjs:6404:13)
    at BrowserRouter (file:///C:/Users/carlo/Documents/githubprojects/stockease/
frontend/node_modules/react-router/dist/development/chunk-UIGDSWPH.mjs:9551:3)
    at I18nextProvider (file:///C:/Users/carlo/Documents/githubprojects/stockeas
e/frontend/node_modules/react-i18next/dist/es/I18nextProvider.js:4:3)
    at App
    at Router (file:///C:/Users/carlo/Documents/githubprojects/stockease/fronten
d/node_modules/react-router/dist/development/chunk-UIGDSWPH.mjs:6404:13)
    at BrowserRouter (file:///C:/Users/carlo/Documents/githubprojects/stockease/
frontend/node_modules/react-router/dist/development/chunk-UIGDSWPH.mjs:9551:3)
    at I18nextProvider (file:///C:/Users/carlo/Documents/githubprojects/stockeas
e/frontend/node_modules/react-i18next/dist/es/I18nextProvider.js:4:3)

Consider adding an error boundary to your tree to customize error handling 
behavior.
Visit https://reactjs.org/link/error-boundaries to learn more about error 
boundaries.

Error: Uncaught [Error: You cannot render a <Router> inside another <Router>. 
You should never have more than one in your app.]
    at reportException (C:\Users\carlo\Documents\githubprojects\stockease\fronte
nd\node_modules\jsdom\lib\jsdom\living\helpers\runtime-script-errors.js:66:24)
    at innerInvokeEventListeners (C:\Users\carlo\Documents\githubprojects\stocke
ase\frontend\node_modules\jsdom\lib\jsdom\living\events\EventTarget-impl.js:353:
9)
    at invokeEventListeners (C:\Users\carlo\Documents\githubprojects\stockease\f
rontend\node_modules\jsdom\lib\jsdom\living\events\EventTarget-impl.js:286:3)
    at HTMLUnknownElementImpl._dispatch (C:\Users\carlo\Documents\githubprojects
\stockease\frontend\node_modules\jsdom\lib\jsdom\living\events\EventTarget-impl.
js:233:9)
    at HTMLUnknownElementImpl.dispatchEvent (C:\Users\carlo\Documents\githubproj
ects\stockease\frontend\node_modules\jsdom\lib\jsdom\living\events\EventTarget-i
mpl.js:104:17)
    at HTMLUnknownElement.dispatchEvent (C:\Users\carlo\Documents\githubprojects
\stockease\frontend\node_modules\jsdom\lib\jsdom\living\generated\EventTarget.js
:241:34)
    at Object.invokeGuardedCallbackDev (C:\Users\carlo\Documents\githubprojects\
stockease\frontend\node_modules\react-dom\cjs\react-dom.development.js:4213:16)
    at invokeGuardedCallback (C:\Users\carlo\Documents\githubprojects\stockease\
frontend\node_modules\react-dom\cjs\react-dom.development.js:4277:31)
    at beginWork$1 (C:\Users\carlo\Documents\githubprojects\stockease\frontend\n
ode_modules\react-dom\cjs\react-dom.development.js:27490:7)
    at performUnitOfWork (C:\Users\carlo\Documents\githubprojects\stockease\fron
tend\node_modules\react-dom\cjs\react-dom.development.js:26599:12) Error: You 
cannot render a <Router> inside another <Router>. You should never have more 
than one in your app.
    at invariant (file:///C:/Users/carlo/Documents/githubprojects/stockease/fron
tend/node_modules/react-router/dist/development/chunk-UIGDSWPH.mjs:188:11)
    at Router (file:///C:/Users/carlo/Documents/githubprojects/stockease/fronten
d/node_modules/react-router/dist/development/chunk-UIGDSWPH.mjs:6411:3)
    at renderWithHooks (C:\Users\carlo\Documents\githubprojects\stockease\fronte
nd\node_modules\react-dom\cjs\react-dom.development.js:15486:18)
    at mountIndeterminateComponent (C:\Users\carlo\Documents\githubprojects\stoc
kease\frontend\node_modules\react-dom\cjs\react-dom.development.js:20103:13)
    at beginWork (C:\Users\carlo\Documents\githubprojects\stockease\frontend\nod
e_modules\react-dom\cjs\react-dom.development.js:21626:16)
    at HTMLUnknownElement.callCallback (C:\Users\carlo\Documents\githubprojects\
stockease\frontend\node_modules\react-dom\cjs\react-dom.development.js:4164:14)
    at HTMLUnknownElement.callTheUserObjectsOperation (C:\Users\carlo\Documents\
githubprojects\stockease\frontend\node_modules\jsdom\lib\jsdom\living\generated\
EventListener.js:26:30)
    at innerInvokeEventListeners (C:\Users\carlo\Documents\githubprojects\stocke
ase\frontend\node_modules\jsdom\lib\jsdom\living\events\EventTarget-impl.js:350:
25)
    at invokeEventListeners (C:\Users\carlo\Documents\githubprojects\stockease\f
rontend\node_modules\jsdom\lib\jsdom\living\events\EventTarget-impl.js:286:3)
    at HTMLUnknownElementImpl._dispatch (C:\Users\carlo\Documents\githubprojects
\stockease\frontend\node_modules\jsdom\lib\jsdom\living\events\EventTarget-impl.
js:233:9)
Error: Uncaught [Error: You cannot render a <Router> inside another <Router>. 
You should never have more than one in your app.]
    at reportException (C:\Users\carlo\Documents\githubprojects\stockease\fronte
nd\node_modules\jsdom\lib\jsdom\living\helpers\runtime-script-errors.js:66:24)
    at innerInvokeEventListeners (C:\Users\carlo\Documents\githubprojects\stocke
ase\frontend\node_modules\jsdom\lib\jsdom\living\events\EventTarget-impl.js:353:
9)
    at invokeEventListeners (C:\Users\carlo\Documents\githubprojects\stockease\f
rontend\node_modules\jsdom\lib\jsdom\living\events\EventTarget-impl.js:286:3)
    at HTMLUnknownElementImpl._dispatch (C:\Users\carlo\Documents\githubprojects
\stockease\frontend\node_modules\jsdom\lib\jsdom\living\events\EventTarget-impl.
js:233:9)
    at HTMLUnknownElementImpl.dispatchEvent (C:\Users\carlo\Documents\githubproj
ects\stockease\frontend\node_modules\jsdom\lib\jsdom\living\events\EventTarget-i
mpl.js:104:17)
    at HTMLUnknownElement.dispatchEvent (C:\Users\carlo\Documents\githubprojects
\stockease\frontend\node_modules\jsdom\lib\jsdom\living\generated\EventTarget.js
:241:34)
    at Object.invokeGuardedCallbackDev (C:\Users\carlo\Documents\githubprojects\
stockease\frontend\node_modules\react-dom\cjs\react-dom.development.js:4213:16)
    at invokeGuardedCallback (C:\Users\carlo\Documents\githubprojects\stockease\
frontend\node_modules\react-dom\cjs\react-dom.development.js:4277:31)
    at beginWork$1 (C:\Users\carlo\Documents\githubprojects\stockease\frontend\n
ode_modules\react-dom\cjs\react-dom.development.js:27490:7)
    at performUnitOfWork (C:\Users\carlo\Documents\githubprojects\stockease\fron
tend\node_modules\react-dom\cjs\react-dom.development.js:26599:12) Error: You 
cannot render a <Router> inside another <Router>. You should never have more 
than one in your app.
    at invariant (file:///C:/Users/carlo/Documents/githubprojects/stockease/fron
tend/node_modules/react-router/dist/development/chunk-UIGDSWPH.mjs:188:11)
    at Router (file:///C:/Users/carlo/Documents/githubprojects/stockease/fronten
d/node_modules/react-router/dist/development/chunk-UIGDSWPH.mjs:6411:3)
    at renderWithHooks (C:\Users\carlo\Documents\githubprojects\stockease\fronte
nd\node_modules\react-dom\cjs\react-dom.development.js:15486:18)
    at mountIndeterminateComponent (C:\Users\carlo\Documents\githubprojects\stoc
kease\frontend\node_modules\react-dom\cjs\react-dom.development.js:20103:13)
    at beginWork (C:\Users\carlo\Documents\githubprojects\stockease\frontend\nod
e_modules\react-dom\cjs\react-dom.development.js:21626:16)
    at HTMLUnknownElement.callCallback (C:\Users\carlo\Documents\githubprojects\
stockease\frontend\node_modules\react-dom\cjs\react-dom.development.js:4164:14)
    at HTMLUnknownElement.callTheUserObjectsOperation (C:\Users\carlo\Documents\
githubprojects\stockease\frontend\node_modules\jsdom\lib\jsdom\living\generated\
EventListener.js:26:30)
    at innerInvokeEventListeners (C:\Users\carlo\Documents\githubprojects\stocke
ase\frontend\node_modules\jsdom\lib\jsdom\living\events\EventTarget-impl.js:350:
25)
    at invokeEventListeners (C:\Users\carlo\Documents\githubprojects\stockease\f
rontend\node_modules\jsdom\lib\jsdom\living\events\EventTarget-impl.js:286:3)
    at HTMLUnknownElementImpl._dispatch (C:\Users\carlo\Documents\githubprojects
\stockease\frontend\node_modules\jsdom\lib\jsdom\living\events\EventTarget-impl.
js:233:9)
[90mstderr[2m | src/__tests__/integration/workflow-integration.test.tsx[2m > 
[22m[2mIntegration Tests - Multi-Component Workflows[2m > [22m[2mApp-Level 
Routing and Provider Integration[2m > [22m[2mshould render HomePage as 
default route
[22m[39mThe above error occurred in the <Router> component:

    at Router (file:///C:/Users/carlo/Documents/githubprojects/stockease/fronten
d/node_modules/react-router/dist/development/chunk-UIGDSWPH.mjs:6404:13)
    at BrowserRouter (file:///C:/Users/carlo/Documents/githubprojects/stockease/
frontend/node_modules/react-router/dist/development/chunk-UIGDSWPH.mjs:9551:3)
    at I18nextProvider (file:///C:/Users/carlo/Documents/githubprojects/stockeas
e/frontend/node_modules/react-i18next/dist/es/I18nextProvider.js:4:3)
    at App
    at Router (file:///C:/Users/carlo/Documents/githubprojects/stockease/fronten
d/node_modules/react-router/dist/development/chunk-UIGDSWPH.mjs:6404:13)
    at BrowserRouter (file:///C:/Users/carlo/Documents/githubprojects/stockease/
frontend/node_modules/react-router/dist/development/chunk-UIGDSWPH.mjs:9551:3)
    at I18nextProvider (file:///C:/Users/carlo/Documents/githubprojects/stockeas
e/frontend/node_modules/react-i18next/dist/es/I18nextProvider.js:4:3)

Consider adding an error boundary to your tree to customize error handling 
behavior.
Visit https://reactjs.org/link/error-boundaries to learn more about error 
boundaries.

Error: Uncaught [Error: You cannot render a <Router> inside another <Router>. 
You should never have more than one in your app.]
    at reportException (C:\Users\carlo\Documents\githubprojects\stockease\fronte
nd\node_modules\jsdom\lib\jsdom\living\helpers\runtime-script-errors.js:66:24)
    at innerInvokeEventListeners (C:\Users\carlo\Documents\githubprojects\stocke
ase\frontend\node_modules\jsdom\lib\jsdom\living\events\EventTarget-impl.js:353:
9)
    at invokeEventListeners (C:\Users\carlo\Documents\githubprojects\stockease\f
rontend\node_modules\jsdom\lib\jsdom\living\events\EventTarget-impl.js:286:3)
    at HTMLUnknownElementImpl._dispatch (C:\Users\carlo\Documents\githubprojects
\stockease\frontend\node_modules\jsdom\lib\jsdom\living\events\EventTarget-impl.
js:233:9)
    at HTMLUnknownElementImpl.dispatchEvent (C:\Users\carlo\Documents\githubproj
ects\stockease\frontend\node_modules\jsdom\lib\jsdom\living\events\EventTarget-i
mpl.js:104:17)
    at HTMLUnknownElement.dispatchEvent (C:\Users\carlo\Documents\githubprojects
\stockease\frontend\node_modules\jsdom\lib\jsdom\living\generated\EventTarget.js
:241:34)
    at Object.invokeGuardedCallbackDev (C:\Users\carlo\Documents\githubprojects\
stockease\frontend\node_modules\react-dom\cjs\react-dom.development.js:4213:16)
    at invokeGuardedCallback (C:\Users\carlo\Documents\githubprojects\stockease\
frontend\node_modules\react-dom\cjs\react-dom.development.js:4277:31)
    at beginWork$1 (C:\Users\carlo\Documents\githubprojects\stockease\frontend\n
ode_modules\react-dom\cjs\react-dom.development.js:27490:7)
    at performUnitOfWork (C:\Users\carlo\Documents\githubprojects\stockease\fron
tend\node_modules\react-dom\cjs\react-dom.development.js:26599:12) Error: You 
cannot render a <Router> inside another <Router>. You should never have more 
than one in your app.
    at invariant (file:///C:/Users/carlo/Documents/githubprojects/stockease/fron
tend/node_modules/react-router/dist/development/chunk-UIGDSWPH.mjs:188:11)
    at Router (file:///C:/Users/carlo/Documents/githubprojects/stockease/fronten
d/node_modules/react-router/dist/development/chunk-UIGDSWPH.mjs:6411:3)
    at renderWithHooks (C:\Users\carlo\Documents\githubprojects\stockease\fronte
nd\node_modules\react-dom\cjs\react-dom.development.js:15486:18)
    at mountIndeterminateComponent (C:\Users\carlo\Documents\githubprojects\stoc
kease\frontend\node_modules\react-dom\cjs\react-dom.development.js:20103:13)
    at beginWork (C:\Users\carlo\Documents\githubprojects\stockease\frontend\nod
e_modules\react-dom\cjs\react-dom.development.js:21626:16)
    at HTMLUnknownElement.callCallback (C:\Users\carlo\Documents\githubprojects\
stockease\frontend\node_modules\react-dom\cjs\react-dom.development.js:4164:14)
    at HTMLUnknownElement.callTheUserObjectsOperation (C:\Users\carlo\Documents\
githubprojects\stockease\frontend\node_modules\jsdom\lib\jsdom\living\generated\
EventListener.js:26:30)
    at innerInvokeEventListeners (C:\Users\carlo\Documents\githubprojects\stocke
ase\frontend\node_modules\jsdom\lib\jsdom\living\events\EventTarget-impl.js:350:
25)
    at invokeEventListeners (C:\Users\carlo\Documents\githubprojects\stockease\f
rontend\node_modules\jsdom\lib\jsdom\living\events\EventTarget-impl.js:286:3)
    at HTMLUnknownElementImpl._dispatch (C:\Users\carlo\Documents\githubprojects
\stockease\frontend\node_modules\jsdom\lib\jsdom\living\events\EventTarget-impl.
js:233:9)
Error: Uncaught [Error: You cannot render a <Router> inside another <Router>. 
You should never have more than one in your app.]
    at reportException (C:\Users\carlo\Documents\githubprojects\stockease\fronte
nd\node_modules\jsdom\lib\jsdom\living\helpers\runtime-script-errors.js:66:24)
    at innerInvokeEventListeners (C:\Users\carlo\Documents\githubprojects\stocke
ase\frontend\node_modules\jsdom\lib\jsdom\living\events\EventTarget-impl.js:353:
9)
    at invokeEventListeners (C:\Users\carlo\Documents\githubprojects\stockease\f
rontend\node_modules\jsdom\lib\jsdom\living\events\EventTarget-impl.js:286:3)
    at HTMLUnknownElementImpl._dispatch (C:\Users\carlo\Documents\githubprojects
\stockease\frontend\node_modules\jsdom\lib\jsdom\living\events\EventTarget-impl.
js:233:9)
    at HTMLUnknownElementImpl.dispatchEvent (C:\Users\carlo\Documents\githubproj
ects\stockease\frontend\node_modules\jsdom\lib\jsdom\living\events\EventTarget-i
mpl.js:104:17)
    at HTMLUnknownElement.dispatchEvent (C:\Users\carlo\Documents\githubprojects
\stockease\frontend\node_modules\jsdom\lib\jsdom\living\generated\EventTarget.js
:241:34)
    at Object.invokeGuardedCallbackDev (C:\Users\carlo\Documents\githubprojects\
stockease\frontend\node_modules\react-dom\cjs\react-dom.development.js:4213:16)
    at invokeGuardedCallback (C:\Users\carlo\Documents\githubprojects\stockease\
frontend\node_modules\react-dom\cjs\react-dom.development.js:4277:31)
    at beginWork$1 (C:\Users\carlo\Documents\githubprojects\stockease\frontend\n
ode_modules\react-dom\cjs\react-dom.development.js:27490:7)
    at performUnitOfWork (C:\Users\carlo\Documents\githubprojects\stockease\fron
tend\node_modules\react-dom\cjs\react-dom.development.js:26599:12) Error: You 
cannot render a <Router> inside another <Router>. You should never have more 
than one in your app.
    at invariant (file:///C:/Users/carlo/Documents/githubprojects/stockease/fron
tend/node_modules/react-router/dist/development/chunk-UIGDSWPH.mjs:188:11)
    at Router (file:///C:/Users/carlo/Documents/githubprojects/stockease/fronten
d/node_modules/react-router/dist/development/chunk-UIGDSWPH.mjs:6411:3)
    at renderWithHooks (C:\Users\carlo\Documents\githubprojects\stockease\fronte
nd\node_modules\react-dom\cjs\react-dom.development.js:15486:18)
    at mountIndeterminateComponent (C:\Users\carlo\Documents\githubprojects\stoc
kease\frontend\node_modules\react-dom\cjs\react-dom.development.js:20103:13)
    at beginWork (C:\Users\carlo\Documents\githubprojects\stockease\frontend\nod
e_modules\react-dom\cjs\react-dom.development.js:21626:16)
    at HTMLUnknownElement.callCallback (C:\Users\carlo\Documents\githubprojects\
stockease\frontend\node_modules\react-dom\cjs\react-dom.development.js:4164:14)
    at HTMLUnknownElement.callTheUserObjectsOperation (C:\Users\carlo\Documents\
githubprojects\stockease\frontend\node_modules\jsdom\lib\jsdom\living\generated\
EventListener.js:26:30)
    at innerInvokeEventListeners (C:\Users\carlo\Documents\githubprojects\stocke
ase\frontend\node_modules\jsdom\lib\jsdom\living\events\EventTarget-impl.js:350:
25)
    at invokeEventListeners (C:\Users\carlo\Documents\githubprojects\stockease\f
rontend\node_modules\jsdom\lib\jsdom\living\events\EventTarget-impl.js:286:3)
    at HTMLUnknownElementImpl._dispatch (C:\Users\carlo\Documents\githubprojects
\stockease\frontend\node_modules\jsdom\lib\jsdom\living\events\EventTarget-impl.
js:233:9)
[90mstderr[2m | src/__tests__/integration/workflow-integration.test.tsx[2m > 
[22m[2mIntegration Tests - Multi-Component Workflows[2m > [22m[2mApp-Level 
Routing and Provider Integration[2m > [22m[2mshould support navigation to 
different routes
[22m[39mThe above error occurred in the <Router> component:

    at Router (file:///C:/Users/carlo/Documents/githubprojects/stockease/fronten
d/node_modules/react-router/dist/development/chunk-UIGDSWPH.mjs:6404:13)
    at BrowserRouter (file:///C:/Users/carlo/Documents/githubprojects/stockease/
frontend/node_modules/react-router/dist/development/chunk-UIGDSWPH.mjs:9551:3)
    at I18nextProvider (file:///C:/Users/carlo/Documents/githubprojects/stockeas
e/frontend/node_modules/react-i18next/dist/es/I18nextProvider.js:4:3)
    at App
    at Router (file:///C:/Users/carlo/Documents/githubprojects/stockease/fronten
d/node_modules/react-router/dist/development/chunk-UIGDSWPH.mjs:6404:13)
    at BrowserRouter (file:///C:/Users/carlo/Documents/githubprojects/stockease/
frontend/node_modules/react-router/dist/development/chunk-UIGDSWPH.mjs:9551:3)
    at I18nextProvider (file:///C:/Users/carlo/Documents/githubprojects/stockeas
e/frontend/node_modules/react-i18next/dist/es/I18nextProvider.js:4:3)

Consider adding an error boundary to your tree to customize error handling 
behavior.
Visit https://reactjs.org/link/error-boundaries to learn more about error 
boundaries.

Error: Uncaught [Error: You cannot render a <Router> inside another <Router>. 
You should never have more than one in your app.]
    at reportException (C:\Users\carlo\Documents\githubprojects\stockease\fronte
nd\node_modules\jsdom\lib\jsdom\living\helpers\runtime-script-errors.js:66:24)
    at innerInvokeEventListeners (C:\Users\carlo\Documents\githubprojects\stocke
ase\frontend\node_modules\jsdom\lib\jsdom\living\events\EventTarget-impl.js:353:
9)
    at invokeEventListeners (C:\Users\carlo\Documents\githubprojects\stockease\f
rontend\node_modules\jsdom\lib\jsdom\living\events\EventTarget-impl.js:286:3)
    at HTMLUnknownElementImpl._dispatch (C:\Users\carlo\Documents\githubprojects
\stockease\frontend\node_modules\jsdom\lib\jsdom\living\events\EventTarget-impl.
js:233:9)
    at HTMLUnknownElementImpl.dispatchEvent (C:\Users\carlo\Documents\githubproj
ects\stockease\frontend\node_modules\jsdom\lib\jsdom\living\events\EventTarget-i
mpl.js:104:17)
    at HTMLUnknownElement.dispatchEvent (C:\Users\carlo\Documents\githubprojects
\stockease\frontend\node_modules\jsdom\lib\jsdom\living\generated\EventTarget.js
:241:34)
    at Object.invokeGuardedCallbackDev (C:\Users\carlo\Documents\githubprojects\
stockease\frontend\node_modules\react-dom\cjs\react-dom.development.js:4213:16)
    at invokeGuardedCallback (C:\Users\carlo\Documents\githubprojects\stockease\
frontend\node_modules\react-dom\cjs\react-dom.development.js:4277:31)
    at beginWork$1 (C:\Users\carlo\Documents\githubprojects\stockease\frontend\n
ode_modules\react-dom\cjs\react-dom.development.js:27490:7)
    at performUnitOfWork (C:\Users\carlo\Documents\githubprojects\stockease\fron
tend\node_modules\react-dom\cjs\react-dom.development.js:26599:12) Error: You 
cannot render a <Router> inside another <Router>. You should never have more 
than one in your app.
    at invariant (file:///C:/Users/carlo/Documents/githubprojects/stockease/fron
tend/node_modules/react-router/dist/development/chunk-UIGDSWPH.mjs:188:11)
    at Router (file:///C:/Users/carlo/Documents/githubprojects/stockease/fronten
d/node_modules/react-router/dist/development/chunk-UIGDSWPH.mjs:6411:3)
    at renderWithHooks (C:\Users\carlo\Documents\githubprojects\stockease\fronte
nd\node_modules\react-dom\cjs\react-dom.development.js:15486:18)
    at mountIndeterminateComponent (C:\Users\carlo\Documents\githubprojects\stoc
kease\frontend\node_modules\react-dom\cjs\react-dom.development.js:20103:13)
    at beginWork (C:\Users\carlo\Documents\githubprojects\stockease\frontend\nod
e_modules\react-dom\cjs\react-dom.development.js:21626:16)
    at HTMLUnknownElement.callCallback (C:\Users\carlo\Documents\githubprojects\
stockease\frontend\node_modules\react-dom\cjs\react-dom.development.js:4164:14)
    at HTMLUnknownElement.callTheUserObjectsOperation (C:\Users\carlo\Documents\
githubprojects\stockease\frontend\node_modules\jsdom\lib\jsdom\living\generated\
EventListener.js:26:30)
    at innerInvokeEventListeners (C:\Users\carlo\Documents\githubprojects\stocke
ase\frontend\node_modules\jsdom\lib\jsdom\living\events\EventTarget-impl.js:350:
25)
    at invokeEventListeners (C:\Users\carlo\Documents\githubprojects\stockease\f
rontend\node_modules\jsdom\lib\jsdom\living\events\EventTarget-impl.js:286:3)
    at HTMLUnknownElementImpl._dispatch (C:\Users\carlo\Documents\githubprojects
\stockease\frontend\node_modules\jsdom\lib\jsdom\living\events\EventTarget-impl.
js:233:9)
Error: Uncaught [Error: You cannot render a <Router> inside another <Router>. 
You should never have more than one in your app.]
    at reportException (C:\Users\carlo\Documents\githubprojects\stockease\fronte
nd\node_modules\jsdom\lib\jsdom\living\helpers\runtime-script-errors.js:66:24)
    at innerInvokeEventListeners (C:\Users\carlo\Documents\githubprojects\stocke
ase\frontend\node_modules\jsdom\lib\jsdom\living\events\EventTarget-impl.js:353:
9)
    at invokeEventListeners (C:\Users\carlo\Documents\githubprojects\stockease\f
rontend\node_modules\jsdom\lib\jsdom\living\events\EventTarget-impl.js:286:3)
    at HTMLUnknownElementImpl._dispatch (C:\Users\carlo\Documents\githubprojects
\stockease\frontend\node_modules\jsdom\lib\jsdom\living\events\EventTarget-impl.
js:233:9)
    at HTMLUnknownElementImpl.dispatchEvent (C:\Users\carlo\Documents\githubproj
ects\stockease\frontend\node_modules\jsdom\lib\jsdom\living\events\EventTarget-i
mpl.js:104:17)
    at HTMLUnknownElement.dispatchEvent (C:\Users\carlo\Documents\githubprojects
\stockease\frontend\node_modules\jsdom\lib\jsdom\living\generated\EventTarget.js
:241:34)
    at Object.invokeGuardedCallbackDev (C:\Users\carlo\Documents\githubprojects\
stockease\frontend\node_modules\react-dom\cjs\react-dom.development.js:4213:16)
    at invokeGuardedCallback (C:\Users\carlo\Documents\githubprojects\stockease\
frontend\node_modules\react-dom\cjs\react-dom.development.js:4277:31)
    at beginWork$1 (C:\Users\carlo\Documents\githubprojects\stockease\frontend\n
ode_modules\react-dom\cjs\react-dom.development.js:27490:7)
    at performUnitOfWork (C:\Users\carlo\Documents\githubprojects\stockease\fron
tend\node_modules\react-dom\cjs\react-dom.development.js:26599:12) Error: You 
cannot render a <Router> inside another <Router>. You should never have more 
than one in your app.
    at invariant (file:///C:/Users/carlo/Documents/githubprojects/stockease/fron
tend/node_modules/react-router/dist/development/chunk-UIGDSWPH.mjs:188:11)
    at Router (file:///C:/Users/carlo/Documents/githubprojects/stockease/fronten
d/node_modules/react-router/dist/development/chunk-UIGDSWPH.mjs:6411:3)
    at renderWithHooks (C:\Users\carlo\Documents\githubprojects\stockease\fronte
nd\node_modules\react-dom\cjs\react-dom.development.js:15486:18)
    at mountIndeterminateComponent (C:\Users\carlo\Documents\githubprojects\stoc
kease\frontend\node_modules\react-dom\cjs\react-dom.development.js:20103:13)
    at beginWork (C:\Users\carlo\Documents\githubprojects\stockease\frontend\nod
e_modules\react-dom\cjs\react-dom.development.js:21626:16)
    at HTMLUnknownElement.callCallback (C:\Users\carlo\Documents\githubprojects\
stockease\frontend\node_modules\react-dom\cjs\react-dom.development.js:4164:14)
    at HTMLUnknownElement.callTheUserObjectsOperation (C:\Users\carlo\Documents\
githubprojects\stockease\frontend\node_modules\jsdom\lib\jsdom\living\generated\
EventListener.js:26:30)
    at innerInvokeEventListeners (C:\Users\carlo\Documents\githubprojects\stocke
ase\frontend\node_modules\jsdom\lib\jsdom\living\events\EventTarget-impl.js:350:
25)
    at invokeEventListeners (C:\Users\carlo\Documents\githubprojects\stockease\f
rontend\node_modules\jsdom\lib\jsdom\living\events\EventTarget-impl.js:286:3)
    at HTMLUnknownElementImpl._dispatch (C:\Users\carlo\Documents\githubprojects
\stockease\frontend\node_modules\jsdom\lib\jsdom\living\events\EventTarget-impl.
js:233:9)
[90mstderr[2m | src/__tests__/integration/workflow-integration.test.tsx[2m > 
[22m[2mIntegration Tests - Multi-Component Workflows[2m > [22m[2mApp-Level 
Routing and Provider Integration[2m > [22m[2mshould maintain i18n provider 
across all routes
[22m[39mThe above error occurred in the <Router> component:

    at Router (file:///C:/Users/carlo/Documents/githubprojects/stockease/fronten
d/node_modules/react-router/dist/development/chunk-UIGDSWPH.mjs:6404:13)
    at BrowserRouter (file:///C:/Users/carlo/Documents/githubprojects/stockease/
frontend/node_modules/react-router/dist/development/chunk-UIGDSWPH.mjs:9551:3)
    at I18nextProvider (file:///C:/Users/carlo/Documents/githubprojects/stockeas
e/frontend/node_modules/react-i18next/dist/es/I18nextProvider.js:4:3)
    at App
    at Router (file:///C:/Users/carlo/Documents/githubprojects/stockease/fronten
d/node_modules/react-router/dist/development/chunk-UIGDSWPH.mjs:6404:13)
    at BrowserRouter (file:///C:/Users/carlo/Documents/githubprojects/stockease/
frontend/node_modules/react-router/dist/development/chunk-UIGDSWPH.mjs:9551:3)
    at I18nextProvider (file:///C:/Users/carlo/Documents/githubprojects/stockeas
e/frontend/node_modules/react-i18next/dist/es/I18nextProvider.js:4:3)

Consider adding an error boundary to your tree to customize error handling 
behavior.
Visit https://reactjs.org/link/error-boundaries to learn more about error 
boundaries.

Error: Uncaught [Error: You cannot render a <Router> inside another <Router>. 
You should never have more than one in your app.]
    at reportException (C:\Users\carlo\Documents\githubprojects\stockease\fronte
nd\node_modules\jsdom\lib\jsdom\living\helpers\runtime-script-errors.js:66:24)
    at innerInvokeEventListeners (C:\Users\carlo\Documents\githubprojects\stocke
ase\frontend\node_modules\jsdom\lib\jsdom\living\events\EventTarget-impl.js:353:
9)
    at invokeEventListeners (C:\Users\carlo\Documents\githubprojects\stockease\f
rontend\node_modules\jsdom\lib\jsdom\living\events\EventTarget-impl.js:286:3)
    at HTMLUnknownElementImpl._dispatch (C:\Users\carlo\Documents\githubprojects
\stockease\frontend\node_modules\jsdom\lib\jsdom\living\events\EventTarget-impl.
js:233:9)
    at HTMLUnknownElementImpl.dispatchEvent (C:\Users\carlo\Documents\githubproj
ects\stockease\frontend\node_modules\jsdom\lib\jsdom\living\events\EventTarget-i
mpl.js:104:17)
    at HTMLUnknownElement.dispatchEvent (C:\Users\carlo\Documents\githubprojects
\stockease\frontend\node_modules\jsdom\lib\jsdom\living\generated\EventTarget.js
:241:34)
    at Object.invokeGuardedCallbackDev (C:\Users\carlo\Documents\githubprojects\
stockease\frontend\node_modules\react-dom\cjs\react-dom.development.js:4213:16)
    at invokeGuardedCallback (C:\Users\carlo\Documents\githubprojects\stockease\
frontend\node_modules\react-dom\cjs\react-dom.development.js:4277:31)
    at beginWork$1 (C:\Users\carlo\Documents\githubprojects\stockease\frontend\n
ode_modules\react-dom\cjs\react-dom.development.js:27490:7)
    at performUnitOfWork (C:\Users\carlo\Documents\githubprojects\stockease\fron
tend\node_modules\react-dom\cjs\react-dom.development.js:26599:12) Error: You 
cannot render a <Router> inside another <Router>. You should never have more 
than one in your app.
    at invariant (file:///C:/Users/carlo/Documents/githubprojects/stockease/fron
tend/node_modules/react-router/dist/development/chunk-UIGDSWPH.mjs:188:11)
    at Router (file:///C:/Users/carlo/Documents/githubprojects/stockease/fronten
d/node_modules/react-router/dist/development/chunk-UIGDSWPH.mjs:6411:3)
    at renderWithHooks (C:\Users\carlo\Documents\githubprojects\stockease\fronte
nd\node_modules\react-dom\cjs\react-dom.development.js:15486:18)
    at mountIndeterminateComponent (C:\Users\carlo\Documents\githubprojects\stoc
kease\frontend\node_modules\react-dom\cjs\react-dom.development.js:20103:13)
    at beginWork (C:\Users\carlo\Documents\githubprojects\stockease\frontend\nod
e_modules\react-dom\cjs\react-dom.development.js:21626:16)
    at HTMLUnknownElement.callCallback (C:\Users\carlo\Documents\githubprojects\
stockease\frontend\node_modules\react-dom\cjs\react-dom.development.js:4164:14)
    at HTMLUnknownElement.callTheUserObjectsOperation (C:\Users\carlo\Documents\
githubprojects\stockease\frontend\node_modules\jsdom\lib\jsdom\living\generated\
EventListener.js:26:30)
    at innerInvokeEventListeners (C:\Users\carlo\Documents\githubprojects\stocke
ase\frontend\node_modules\jsdom\lib\jsdom\living\events\EventTarget-impl.js:350:
25)
    at invokeEventListeners (C:\Users\carlo\Documents\githubprojects\stockease\f
rontend\node_modules\jsdom\lib\jsdom\living\events\EventTarget-impl.js:286:3)
    at HTMLUnknownElementImpl._dispatch (C:\Users\carlo\Documents\githubprojects
\stockease\frontend\node_modules\jsdom\lib\jsdom\living\events\EventTarget-impl.
js:233:9)
Error: Uncaught [Error: You cannot render a <Router> inside another <Router>. 
You should never have more than one in your app.]
    at reportException (C:\Users\carlo\Documents\githubprojects\stockease\fronte
nd\node_modules\jsdom\lib\jsdom\living\helpers\runtime-script-errors.js:66:24)
    at innerInvokeEventListeners (C:\Users\carlo\Documents\githubprojects\stocke
ase\frontend\node_modules\jsdom\lib\jsdom\living\events\EventTarget-impl.js:353:
9)
    at invokeEventListeners (C:\Users\carlo\Documents\githubprojects\stockease\f
rontend\node_modules\jsdom\lib\jsdom\living\events\EventTarget-impl.js:286:3)
    at HTMLUnknownElementImpl._dispatch (C:\Users\carlo\Documents\githubprojects
\stockease\frontend\node_modules\jsdom\lib\jsdom\living\events\EventTarget-impl.
js:233:9)
    at HTMLUnknownElementImpl.dispatchEvent (C:\Users\carlo\Documents\githubproj
ects\stockease\frontend\node_modules\jsdom\lib\jsdom\living\events\EventTarget-i
mpl.js:104:17)
    at HTMLUnknownElement.dispatchEvent (C:\Users\carlo\Documents\githubprojects
\stockease\frontend\node_modules\jsdom\lib\jsdom\living\generated\EventTarget.js
:241:34)
    at Object.invokeGuardedCallbackDev (C:\Users\carlo\Documents\githubprojects\
stockease\frontend\node_modules\react-dom\cjs\react-dom.development.js:4213:16)
    at invokeGuardedCallback (C:\Users\carlo\Documents\githubprojects\stockease\
frontend\node_modules\react-dom\cjs\react-dom.development.js:4277:31)
    at beginWork$1 (C:\Users\carlo\Documents\githubprojects\stockease\frontend\n
ode_modules\react-dom\cjs\react-dom.development.js:27490:7)
    at performUnitOfWork (C:\Users\carlo\Documents\githubprojects\stockease\fron
tend\node_modules\react-dom\cjs\react-dom.development.js:26599:12) Error: You 
cannot render a <Router> inside another <Router>. You should never have more 
than one in your app.
    at invariant (file:///C:/Users/carlo/Documents/githubprojects/stockease/fron
tend/node_modules/react-router/dist/development/chunk-UIGDSWPH.mjs:188:11)
    at Router (file:///C:/Users/carlo/Documents/githubprojects/stockease/fronten
d/node_modules/react-router/dist/development/chunk-UIGDSWPH.mjs:6411:3)
    at renderWithHooks (C:\Users\carlo\Documents\githubprojects\stockease\fronte
nd\node_modules\react-dom\cjs\react-dom.development.js:15486:18)
    at mountIndeterminateComponent (C:\Users\carlo\Documents\githubprojects\stoc
kease\frontend\node_modules\react-dom\cjs\react-dom.development.js:20103:13)
    at beginWork (C:\Users\carlo\Documents\githubprojects\stockease\frontend\nod
e_modules\react-dom\cjs\react-dom.development.js:21626:16)
    at HTMLUnknownElement.callCallback (C:\Users\carlo\Documents\githubprojects\
stockease\frontend\node_modules\react-dom\cjs\react-dom.development.js:4164:14)
    at HTMLUnknownElement.callTheUserObjectsOperation (C:\Users\carlo\Documents\
githubprojects\stockease\frontend\node_modules\jsdom\lib\jsdom\living\generated\
EventListener.js:26:30)
    at innerInvokeEventListeners (C:\Users\carlo\Documents\githubprojects\stocke
ase\frontend\node_modules\jsdom\lib\jsdom\living\events\EventTarget-impl.js:350:
25)
    at invokeEventListeners (C:\Users\carlo\Documents\githubprojects\stockease\f
rontend\node_modules\jsdom\lib\jsdom\living\events\EventTarget-impl.js:286:3)
    at HTMLUnknownElementImpl._dispatch (C:\Users\carlo\Documents\githubprojects
\stockease\frontend\node_modules\jsdom\lib\jsdom\living\events\EventTarget-impl.
js:233:9)
[90mstderr[2m | src/__tests__/integration/workflow-integration.test.tsx[2m > 
[22m[2mIntegration Tests - Multi-Component Workflows[2m > [22m[2mApp-Level 
Routing and Provider Integration[2m > [22m[2mshould persist localStorage 
across route changes
[22m[39mThe above error occurred in the <Router> component:

    at Router (file:///C:/Users/carlo/Documents/githubprojects/stockease/fronten
d/node_modules/react-router/dist/development/chunk-UIGDSWPH.mjs:6404:13)
    at BrowserRouter (file:///C:/Users/carlo/Documents/githubprojects/stockease/
frontend/node_modules/react-router/dist/development/chunk-UIGDSWPH.mjs:9551:3)
    at I18nextProvider (file:///C:/Users/carlo/Documents/githubprojects/stockeas
e/frontend/node_modules/react-i18next/dist/es/I18nextProvider.js:4:3)
    at App
    at Router (file:///C:/Users/carlo/Documents/githubprojects/stockease/fronten
d/node_modules/react-router/dist/development/chunk-UIGDSWPH.mjs:6404:13)
    at BrowserRouter (file:///C:/Users/carlo/Documents/githubprojects/stockease/
frontend/node_modules/react-router/dist/development/chunk-UIGDSWPH.mjs:9551:3)
    at I18nextProvider (file:///C:/Users/carlo/Documents/githubprojects/stockeas
e/frontend/node_modules/react-i18next/dist/es/I18nextProvider.js:4:3)

Consider adding an error boundary to your tree to customize error handling 
behavior.
Visit https://reactjs.org/link/error-boundaries to learn more about error 
boundaries.

[90mstdout[2m | src/__tests__/integration/workflow-integration.test.tsx[2m > [22m[2mIntegration Tests - Multi-Component Workflows[2m > [22m[2mHeader Component Integration with Pages[2m > [22m[2mshould render Header on AdminDashboard
[22m[39mAPI Request: {
  transitional: {
    silentJSONParsing: [33mtrue[39m,
    forcedJSONParsing: [33mtrue[39m,
    clarifyTimeoutError: [33mfalse[39m
  },
  adapter: [ [32m'xhr'[39m, [32m'http'[39m, [32m'fetch'[39m ],
  transformRequest: [ [36m[Function: transformRequest][39m ],
  transformResponse: [ [36m[Function: transformResponse][39m ],
  timeout: [33m120000[39m,
  xsrfCookieName: [32m'XSRF-TOKEN'[39m,
  xsrfHeaderName: [32m'X-XSRF-TOKEN'[39m,
  maxContentLength: [33m-1[39m,
  maxBodyLength: [33m-1[39m,
  env: {
    FormData: [Function: FormData] [FormData] {
      LINE_BREAK: [32m'\r\n'[39m,
      DEFAULT_CONTENT_TYPE: [32m'application/octet-stream'[39m
    },
    Blob: [36m[class Blob][39m
  },
  validateStatus: [36m[Function: validateStatus][39m,
  headers: Object [AxiosHeaders] {
    Accept: [32m'application/json, text/plain, */*'[39m,
    [32m'Content-Type'[39m: [90mundefined[39m
  },
  baseURL: [32m'http://localhost:8081/api'[39m,
  method: [32m'get'[39m,
  url: [32m'/api/products/total-stock-value'[39m,
  allowAbsoluteUrls: [33mtrue[39m
}
API Request: {
  transitional: {
    silentJSONParsing: [33mtrue[39m,
    forcedJSONParsing: [33mtrue[39m,
    clarifyTimeoutError: [33mfalse[39m
  },
  adapter: [ [32m'xhr'[39m, [32m'http'[39m, [32m'fetch'[39m ],
  transformRequest: [ [36m[Function: transformRequest][39m ],
  transformResponse: [ [36m[Function: transformResponse][39m ],
  timeout: [33m120000[39m,
  xsrfCookieName: [32m'XSRF-TOKEN'[39m,
  xsrfHeaderName: [32m'X-XSRF-TOKEN'[39m,
  maxContentLength: [33m-1[39m,
  maxBodyLength: [33m-1[39m,
  env: {
    FormData: [Function: FormData] [FormData] {
      LINE_BREAK: [32m'\r\n'[39m,
      DEFAULT_CONTENT_TYPE: [32m'application/octet-stream'[39m
    },
    Blob: [36m[class Blob][39m
  },
  validateStatus: [36m[Function: validateStatus][39m,
  headers: Object [AxiosHeaders] {
    Accept: [32m'application/json, text/plain, */*'[39m,
    [32m'Content-Type'[39m: [90mundefined[39m
  },
  baseURL: [32m'http://localhost:8081/api'[39m,
  method: [32m'get'[39m,
  url: [32m'/api/products/low-stock'[39m,
  allowAbsoluteUrls: [33mtrue[39m
}

[90mstderr[2m | src/__tests__/integration/workflow-integration.test.tsx[2m > 
[22m[2mIntegration Tests - Multi-Component Workflows[2m > [22m[2mHeader 
Component Integration with Pages[2m > [22m[2mshould render Header on 
AdminDashboard
[22m[39mThe width(0) and height(0) of chart should be greater than 0,
       please check the style of container, or the props width(100%) and 
height(100%),
       or add a minWidth(0) or minHeight(undefined) or use aspect(undefined) to 
control the
       height and width.

[90mstdout[2m | src/__tests__/integration/workflow-integration.test.tsx[2m > [22m[2mIntegration Tests - Multi-Component Workflows[2m > [22m[2mHeader Component Integration with Pages[2m > [22m[2mshould preserve Header state across page transitions
[22m[39mAPI Request: {
  transitional: {
    silentJSONParsing: [33mtrue[39m,
    forcedJSONParsing: [33mtrue[39m,
    clarifyTimeoutError: [33mfalse[39m
  },
  adapter: [ [32m'xhr'[39m, [32m'http'[39m, [32m'fetch'[39m ],
  transformRequest: [ [36m[Function: transformRequest][39m ],
  transformResponse: [ [36m[Function: transformResponse][39m ],
  timeout: [33m120000[39m,
  xsrfCookieName: [32m'XSRF-TOKEN'[39m,
  xsrfHeaderName: [32m'X-XSRF-TOKEN'[39m,
  maxContentLength: [33m-1[39m,
  maxBodyLength: [33m-1[39m,
  env: {
    FormData: [Function: FormData] [FormData] {
      LINE_BREAK: [32m'\r\n'[39m,
      DEFAULT_CONTENT_TYPE: [32m'application/octet-stream'[39m
    },
    Blob: [36m[class Blob][39m
  },
  validateStatus: [36m[Function: validateStatus][39m,
  headers: Object [AxiosHeaders] {
    Accept: [32m'application/json, text/plain, */*'[39m,
    [32m'Content-Type'[39m: [90mundefined[39m
  },
  baseURL: [32m'http://localhost:8081/api'[39m,
  method: [32m'get'[39m,
  url: [32m'/api/products/total-stock-value'[39m,
  allowAbsoluteUrls: [33mtrue[39m
}
API Request: {
  transitional: {
    silentJSONParsing: [33mtrue[39m,
    forcedJSONParsing: [33mtrue[39m,
    clarifyTimeoutError: [33mfalse[39m
  },
  adapter: [ [32m'xhr'[39m, [32m'http'[39m, [32m'fetch'[39m ],
  transformRequest: [ [36m[Function: transformRequest][39m ],
  transformResponse: [ [36m[Function: transformResponse][39m ],
  timeout: [33m120000[39m,
  xsrfCookieName: [32m'XSRF-TOKEN'[39m,
  xsrfHeaderName: [32m'X-XSRF-TOKEN'[39m,
  maxContentLength: [33m-1[39m,
  maxBodyLength: [33m-1[39m,
  env: {
    FormData: [Function: FormData] [FormData] {
      LINE_BREAK: [32m'\r\n'[39m,
      DEFAULT_CONTENT_TYPE: [32m'application/octet-stream'[39m
    },
    Blob: [36m[class Blob][39m
  },
  validateStatus: [36m[Function: validateStatus][39m,
  headers: Object [AxiosHeaders] {
    Accept: [32m'application/json, text/plain, */*'[39m,
    [32m'Content-Type'[39m: [90mundefined[39m
  },
  baseURL: [32m'http://localhost:8081/api'[39m,
  method: [32m'get'[39m,
  url: [32m'/api/products/low-stock'[39m,
  allowAbsoluteUrls: [33mtrue[39m
}

[90mstderr[2m | src/__tests__/integration/workflow-integration.test.tsx[2m > 
[22m[2mIntegration Tests - Multi-Component Workflows[2m > [22m[2mHeader 
Component Integration with Pages[2m > [22m[2mshould preserve Header state 
across page transitions
[22m[39mThe width(0) and height(0) of chart should be greater than 0,
       please check the style of container, or the props width(100%) and 
height(100%),
       or add a minWidth(0) or minHeight(undefined) or use aspect(undefined) to 
control the
       height and width.

[90mstderr[2m | src/__tests__/integration/workflow-integration.test.tsx[2m > 
[22m[2mIntegration Tests - Multi-Component Workflows[2m > [22m[2mLanguage 
Switching Across Components[2m > [22m[2mshould change language and reflect 
in translations
[22m[39mWarning: An update to Header inside a test was not wrapped in 
act(...).

When testing, code that causes React state updates should be wrapped into 
act(...):

act(() => {
  /* fire events that update state */
});
/* assert on the output */

This ensures that you're testing the behavior the user would see in the 
browser. Learn more at https://reactjs.org/link/wrap-tests-with-act
    at Header (C:/Users/carlo/Documents/githubprojects/stockease/frontend/src/co
mponents/Header.tsx:8:19)
    at div
    at HomePage (C:/Users/carlo/Documents/githubprojects/stockease/frontend/src/
pages/HomePage.tsx:9:57)
    at Router (file:///C:/Users/carlo/Documents/githubprojects/stockease/fronten
d/node_modules/react-router/dist/development/chunk-UIGDSWPH.mjs:6404:13)
    at BrowserRouter (file:///C:/Users/carlo/Documents/githubprojects/stockease/
frontend/node_modules/react-router/dist/development/chunk-UIGDSWPH.mjs:9551:3)
    at I18nextProvider (file:///C:/Users/carlo/Documents/githubprojects/stockeas
e/frontend/node_modules/react-i18next/dist/es/I18nextProvider.js:4:3)
Warning: An update to Footer inside a test was not wrapped in act(...).

When testing, code that causes React state updates should be wrapped into 
act(...):

act(() => {
  /* fire events that update state */
});
/* assert on the output */

This ensures that you're testing the behavior the user would see in the 
browser. Learn more at https://reactjs.org/link/wrap-tests-with-act
    at Footer (C:/Users/carlo/Documents/githubprojects/stockease/frontend/src/co
mponents/Footer.tsx:6:57)
    at div
    at HomePage (C:/Users/carlo/Documents/githubprojects/stockease/frontend/src/
pages/HomePage.tsx:9:57)
    at Router (file:///C:/Users/carlo/Documents/githubprojects/stockease/fronten
d/node_modules/react-router/dist/development/chunk-UIGDSWPH.mjs:6404:13)
    at BrowserRouter (file:///C:/Users/carlo/Documents/githubprojects/stockease/
frontend/node_modules/react-router/dist/development/chunk-UIGDSWPH.mjs:9551:3)
    at I18nextProvider (file:///C:/Users/carlo/Documents/githubprojects/stockeas
e/frontend/node_modules/react-i18next/dist/es/I18nextProvider.js:4:3)
Warning: An update to HomePage inside a test was not wrapped in act(...).

When testing, code that causes React state updates should be wrapped into 
act(...):

act(() => {
  /* fire events that update state */
});
/* assert on the output */

This ensures that you're testing the behavior the user would see in the 
browser. Learn more at https://reactjs.org/link/wrap-tests-with-act
    at HomePage (C:/Users/carlo/Documents/githubprojects/stockease/frontend/src/
pages/HomePage.tsx:9:57)
    at Router (file:///C:/Users/carlo/Documents/githubprojects/stockease/fronten
d/node_modules/react-router/dist/development/chunk-UIGDSWPH.mjs:6404:13)
    at BrowserRouter (file:///C:/Users/carlo/Documents/githubprojects/stockease/
frontend/node_modules/react-router/dist/development/chunk-UIGDSWPH.mjs:9551:3)
    at I18nextProvider (file:///C:/Users/carlo/Documents/githubprojects/stockeas
e/frontend/node_modules/react-i18next/dist/es/I18nextProvider.js:4:3)

[90mstderr[2m | src/__tests__/integration/workflow-integration.test.tsx[2m > 
[22m[2mIntegration Tests - Multi-Component Workflows[2m > [22m[2mLanguage 
Switching Across Components[2m > [22m[2mshould persist language change to 
localStorage
[22m[39mWarning: An update to Header inside a test was not wrapped in 
act(...).

When testing, code that causes React state updates should be wrapped into 
act(...):

act(() => {
  /* fire events that update state */
});
/* assert on the output */

This ensures that you're testing the behavior the user would see in the 
browser. Learn more at https://reactjs.org/link/wrap-tests-with-act
    at Header (C:/Users/carlo/Documents/githubprojects/stockease/frontend/src/co
mponents/Header.tsx:8:19)
    at div
    at HomePage (C:/Users/carlo/Documents/githubprojects/stockease/frontend/src/
pages/HomePage.tsx:9:57)
    at Router (file:///C:/Users/carlo/Documents/githubprojects/stockease/fronten
d/node_modules/react-router/dist/development/chunk-UIGDSWPH.mjs:6404:13)
    at BrowserRouter (file:///C:/Users/carlo/Documents/githubprojects/stockease/
frontend/node_modules/react-router/dist/development/chunk-UIGDSWPH.mjs:9551:3)
    at I18nextProvider (file:///C:/Users/carlo/Documents/githubprojects/stockeas
e/frontend/node_modules/react-i18next/dist/es/I18nextProvider.js:4:3)
Warning: An update to Footer inside a test was not wrapped in act(...).

When testing, code that causes React state updates should be wrapped into 
act(...):

act(() => {
  /* fire events that update state */
});
/* assert on the output */

This ensures that you're testing the behavior the user would see in the 
browser. Learn more at https://reactjs.org/link/wrap-tests-with-act
    at Footer (C:/Users/carlo/Documents/githubprojects/stockease/frontend/src/co
mponents/Footer.tsx:6:57)
    at div
    at HomePage (C:/Users/carlo/Documents/githubprojects/stockease/frontend/src/
pages/HomePage.tsx:9:57)
    at Router (file:///C:/Users/carlo/Documents/githubprojects/stockease/fronten
d/node_modules/react-router/dist/development/chunk-UIGDSWPH.mjs:6404:13)
    at BrowserRouter (file:///C:/Users/carlo/Documents/githubprojects/stockease/
frontend/node_modules/react-router/dist/development/chunk-UIGDSWPH.mjs:9551:3)
    at I18nextProvider (file:///C:/Users/carlo/Documents/githubprojects/stockeas
e/frontend/node_modules/react-i18next/dist/es/I18nextProvider.js:4:3)
Warning: An update to HomePage inside a test was not wrapped in act(...).

When testing, code that causes React state updates should be wrapped into 
act(...):

act(() => {
  /* fire events that update state */
});
/* assert on the output */

This ensures that you're testing the behavior the user would see in the 
browser. Learn more at https://reactjs.org/link/wrap-tests-with-act
    at HomePage (C:/Users/carlo/Documents/githubprojects/stockease/frontend/src/
pages/HomePage.tsx:9:57)
    at Router (file:///C:/Users/carlo/Documents/githubprojects/stockease/fronten
d/node_modules/react-router/dist/development/chunk-UIGDSWPH.mjs:6404:13)
    at BrowserRouter (file:///C:/Users/carlo/Documents/githubprojects/stockease/
frontend/node_modules/react-router/dist/development/chunk-UIGDSWPH.mjs:9551:3)
    at I18nextProvider (file:///C:/Users/carlo/Documents/githubprojects/stockeas
e/frontend/node_modules/react-i18next/dist/es/I18nextProvider.js:4:3)

[90mstderr[2m | src/__tests__/integration/workflow-integration.test.tsx[2m > 
[22m[2mIntegration Tests - Multi-Component Workflows[2m > [22m[2mLanguage 
Switching Across Components[2m > [22m[2mshould apply language change across 
multiple page renders
[22m[39mWarning: An update to Header inside a test was not wrapped in 
act(...).

When testing, code that causes React state updates should be wrapped into 
act(...):

act(() => {
  /* fire events that update state */
});
/* assert on the output */

This ensures that you're testing the behavior the user would see in the 
browser. Learn more at https://reactjs.org/link/wrap-tests-with-act
    at Header (C:/Users/carlo/Documents/githubprojects/stockease/frontend/src/co
mponents/Header.tsx:8:19)
    at div
    at HomePage (C:/Users/carlo/Documents/githubprojects/stockease/frontend/src/
pages/HomePage.tsx:9:57)
    at Router (file:///C:/Users/carlo/Documents/githubprojects/stockease/fronten
d/node_modules/react-router/dist/development/chunk-UIGDSWPH.mjs:6404:13)
    at BrowserRouter (file:///C:/Users/carlo/Documents/githubprojects/stockease/
frontend/node_modules/react-router/dist/development/chunk-UIGDSWPH.mjs:9551:3)
    at I18nextProvider (file:///C:/Users/carlo/Documents/githubprojects/stockeas
e/frontend/node_modules/react-i18next/dist/es/I18nextProvider.js:4:3)
Warning: An update to Footer inside a test was not wrapped in act(...).

When testing, code that causes React state updates should be wrapped into 
act(...):

act(() => {
  /* fire events that update state */
});
/* assert on the output */

This ensures that you're testing the behavior the user would see in the 
browser. Learn more at https://reactjs.org/link/wrap-tests-with-act
    at Footer (C:/Users/carlo/Documents/githubprojects/stockease/frontend/src/co
mponents/Footer.tsx:6:57)
    at div
    at HomePage (C:/Users/carlo/Documents/githubprojects/stockease/frontend/src/
pages/HomePage.tsx:9:57)
    at Router (file:///C:/Users/carlo/Documents/githubprojects/stockease/fronten
d/node_modules/react-router/dist/development/chunk-UIGDSWPH.mjs:6404:13)
    at BrowserRouter (file:///C:/Users/carlo/Documents/githubprojects/stockease/
frontend/node_modules/react-router/dist/development/chunk-UIGDSWPH.mjs:9551:3)
    at I18nextProvider (file:///C:/Users/carlo/Documents/githubprojects/stockeas
e/frontend/node_modules/react-i18next/dist/es/I18nextProvider.js:4:3)
Warning: An update to HomePage inside a test was not wrapped in act(...).

When testing, code that causes React state updates should be wrapped into 
act(...):

act(() => {
  /* fire events that update state */
});
/* assert on the output */

This ensures that you're testing the behavior the user would see in the 
browser. Learn more at https://reactjs.org/link/wrap-tests-with-act
    at HomePage (C:/Users/carlo/Documents/githubprojects/stockease/frontend/src/
pages/HomePage.tsx:9:57)
    at Router (file:///C:/Users/carlo/Documents/githubprojects/stockease/fronten
d/node_modules/react-router/dist/development/chunk-UIGDSWPH.mjs:6404:13)
    at BrowserRouter (file:///C:/Users/carlo/Documents/githubprojects/stockease/
frontend/node_modules/react-router/dist/development/chunk-UIGDSWPH.mjs:9551:3)
    at I18nextProvider (file:///C:/Users/carlo/Documents/githubprojects/stockeas
e/frontend/node_modules/react-i18next/dist/es/I18nextProvider.js:4:3)

[90mstdout[2m | src/__tests__/integration/workflow-integration.test.tsx[2m > [22m[2mIntegration Tests - Multi-Component Workflows[2m > [22m[2mPage Component Rendering Integration[2m > [22m[2mshould render AdminDashboard with Header
[22m[39mAPI Request: {
  transitional: {
    silentJSONParsing: [33mtrue[39m,
    forcedJSONParsing: [33mtrue[39m,
    clarifyTimeoutError: [33mfalse[39m
  },
  adapter: [ [32m'xhr'[39m, [32m'http'[39m, [32m'fetch'[39m ],
  transformRequest: [ [36m[Function: transformRequest][39m ],
  transformResponse: [ [36m[Function: transformResponse][39m ],
  timeout: [33m120000[39m,
  xsrfCookieName: [32m'XSRF-TOKEN'[39m,
  xsrfHeaderName: [32m'X-XSRF-TOKEN'[39m,
  maxContentLength: [33m-1[39m,
  maxBodyLength: [33m-1[39m,
  env: {
    FormData: [Function: FormData] [FormData] {
      LINE_BREAK: [32m'\r\n'[39m,
      DEFAULT_CONTENT_TYPE: [32m'application/octet-stream'[39m
    },
    Blob: [36m[class Blob][39m
  },
  validateStatus: [36m[Function: validateStatus][39m,
  headers: Object [AxiosHeaders] {
    Accept: [32m'application/json, text/plain, */*'[39m,
    [32m'Content-Type'[39m: [90mundefined[39m
  },
  baseURL: [32m'http://localhost:8081/api'[39m,
  method: [32m'get'[39m,
  url: [32m'/api/products/total-stock-value'[39m,
  allowAbsoluteUrls: [33mtrue[39m
}
API Request: {
  transitional: {
    silentJSONParsing: [33mtrue[39m,
    forcedJSONParsing: [33mtrue[39m,
    clarifyTimeoutError: [33mfalse[39m
  },
  adapter: [ [32m'xhr'[39m, [32m'http'[39m, [32m'fetch'[39m ],
  transformRequest: [ [36m[Function: transformRequest][39m ],
  transformResponse: [ [36m[Function: transformResponse][39m ],
  timeout: [33m120000[39m,
  xsrfCookieName: [32m'XSRF-TOKEN'[39m,
  xsrfHeaderName: [32m'X-XSRF-TOKEN'[39m,
  maxContentLength: [33m-1[39m,
  maxBodyLength: [33m-1[39m,
  env: {
    FormData: [Function: FormData] [FormData] {
      LINE_BREAK: [32m'\r\n'[39m,
      DEFAULT_CONTENT_TYPE: [32m'application/octet-stream'[39m
    },
    Blob: [36m[class Blob][39m
  },
  validateStatus: [36m[Function: validateStatus][39m,
  headers: Object [AxiosHeaders] {
    Accept: [32m'application/json, text/plain, */*'[39m,
    [32m'Content-Type'[39m: [90mundefined[39m
  },
  baseURL: [32m'http://localhost:8081/api'[39m,
  method: [32m'get'[39m,
  url: [32m'/api/products/low-stock'[39m,
  allowAbsoluteUrls: [33mtrue[39m
}
[90mstderr[2m | src/__tests__/integration/workflow-integration.test.tsx[2m > 
[22m[2mIntegration Tests - Multi-Component Workflows[2m > [22m[2mPage 
Component Rendering Integration[2m > [22m[2mshould render AdminDashboard 
with Header

[22m[39mThe width(0) and height(0) of chart should be greater than 0,
       please check the style of container, or the props width(100%) and 
height(100%),
       or add a minWidth(0) or minHeight(undefined) or use aspect(undefined) to 
control the
       height and width.

[90mstdout[2m | src/__tests__/integration/workflow-integration.test.tsx[2m > [22m[2mIntegration Tests - Multi-Component Workflows[2m > [22m[2mPage Component Rendering Integration[2m > [22m[2mshould render UserDashboard with Header
[22m[39mAPI Request: {
  transitional: {
    silentJSONParsing: [33mtrue[39m,
    forcedJSONParsing: [33mtrue[39m,
    clarifyTimeoutError: [33mfalse[39m
  },
  adapter: [ [32m'xhr'[39m, [32m'http'[39m, [32m'fetch'[39m ],
  transformRequest: [ [36m[Function: transformRequest][39m ],
  transformResponse: [ [36m[Function: transformResponse][39m ],
  timeout: [33m120000[39m,
  xsrfCookieName: [32m'XSRF-TOKEN'[39m,
  xsrfHeaderName: [32m'X-XSRF-TOKEN'[39m,
  maxContentLength: [33m-1[39m,
  maxBodyLength: [33m-1[39m,
  env: {
    FormData: [Function: FormData] [FormData] {
      LINE_BREAK: [32m'\r\n'[39m,
      DEFAULT_CONTENT_TYPE: [32m'application/octet-stream'[39m
    },
    Blob: [36m[class Blob][39m
  },
  validateStatus: [36m[Function: validateStatus][39m,
  headers: Object [AxiosHeaders] {
    Accept: [32m'application/json, text/plain, */*'[39m,
    [32m'Content-Type'[39m: [90mundefined[39m
  },
  baseURL: [32m'http://localhost:8081/api'[39m,
  method: [32m'get'[39m,
  url: [32m'/api/products/total-stock-value'[39m,
  allowAbsoluteUrls: [33mtrue[39m
}
API Request: {
  transitional: {
    silentJSONParsing: [33mtrue[39m,
    forcedJSONParsing: [33mtrue[39m,
    clarifyTimeoutError: [33mfalse[39m
  },
  adapter: [ [32m'xhr'[39m, [32m'http'[39m, [32m'fetch'[39m ],
  transformRequest: [ [36m[Function: transformRequest][39m ],
  transformResponse: [ [36m[Function: transformResponse][39m ],
  timeout: [33m120000[39m,
  xsrfCookieName: [32m'XSRF-TOKEN'[39m,
  xsrfHeaderName: [32m'X-XSRF-TOKEN'[39m,
  maxContentLength: [33m-1[39m,
  maxBodyLength: [33m-1[39m,
  env: {
    FormData: [Function: FormData] [FormData] {
      LINE_BREAK: [32m'\r\n'[39m,
      DEFAULT_CONTENT_TYPE: [32m'application/octet-stream'[39m
    },
    Blob: [36m[class Blob][39m
  },
  validateStatus: [36m[Function: validateStatus][39m,
  headers: Object [AxiosHeaders] {
    Accept: [32m'application/json, text/plain, */*'[39m,
    [32m'Content-Type'[39m: [90mundefined[39m
  },
  baseURL: [32m'http://localhost:8081/api'[39m,
  method: [32m'get'[39m,
  url: [32m'/api/products/low-stock'[39m,
  allowAbsoluteUrls: [33mtrue[39m
}

 [31mÔØ»[39m src/__tests__/integration/workflow-integration.test.tsx [2m([22m[2m25 tests[22m[2m | [22m[31m10 failed[39m[2m)[22m[33m 610[2mms[22m[39m
[31m       [31m├ù[31m should render App with Router and i18n providers[39m[32m 29[2mms[22m[39m
[31m       [31m├ù[31m should render HomePage as default route[39m[32m 7[2mms[22m[39m
[31m       [31m├ù[31m should support navigation to different routes[39m[32m 7[2mms[22m[39m
[31m       [31m├ù[31m should maintain i18n provider across all routes[39m[32m 6[2mms[22m[39m
[31m       [31m├ù[31m should persist localStorage across route changes[39m[32m 6[2mms[22m[39m
       [32mÔ£ô[39m should render Header on HomePage[32m 123[2mms[22m[39m
       [32mÔ£ô[39m should render Header on LoginPage[32m 41[2mms[22m[39m
       [32mÔ£ô[39m should render Header on AdminDashboard[32m 81[2mms[22m[39m
       [32mÔ£ô[39m should preserve Header state across page transitions[32m 73[2mms[22m[39m
       [32mÔ£ô[39m should initialize with default language[32m 8[2mms[22m[39m
       [32mÔ£ô[39m should change language and reflect in translations[32m 10[2mms[22m[39m
[31m       [31m├ù[31m should persist language change to localStorage[39m[32m 13[2mms[22m[39m
[31m       [31m├ù[31m should apply language change across multiple page renders[39m[32m 17[2mms[22m[39m
[31m       [31m├ù[31m should maintain authentication state across pages[39m[32m 7[2mms[22m[39m
[31m       [31m├ù[31m should maintain dark mode preference across pages[39m[32m 6[2mms[22m[39m
[31m       [31m├ù[31m should preserve user preferences across component unmount/remount[39m[32m 13[2mms[22m[39m
       [32mÔ£ô[39m should render Sidebar with correct props on admin pages[32m 4[2mms[22m[39m
       [32mÔ£ô[39m should display stock information in Sidebar[32m 3[2mms[22m[39m
       [32mÔ£ô[39m should update Sidebar when stock data changes[32m 4[2mms[22m[39m
       [32mÔ£ô[39m should render LoginPage with all required elements[32m 22[2mms[22m[39m
       [32mÔ£ô[39m should render AdminDashboard with Header[32m 36[2mms[22m[39m
       [32mÔ£ô[39m should render UserDashboard with Header[32m 28[2mms[22m[39m
       [32mÔ£ô[39m should render AddProductPage with Header[32m 26[2mms[22m[39m
       [32mÔ£ô[39m should recover from temporary render errors[32m 6[2mms[22m[39m
       [32mÔ£ô[39m should maintain app functionality after multiple renders[32m 33[2mms[22m[39m
Error: AggregateError
    at Object.dispatchError (C:\Users\carlo\Documents\githubprojects\stockease\f
rontend\node_modules\jsdom\lib\jsdom\living\xhr\xhr-utils.js:63:19)
    at Request.<anonymous> (C:\Users\carlo\Documents\githubprojects\stockease\fr
ontend\node_modules\jsdom\lib\jsdom\living\xhr\XMLHttpRequest-impl.js:655:18)
    at Request.emit (node:events:536:35)
    at ClientRequest.<anonymous> (C:\Users\carlo\Documents\githubprojects\stocke
ase\frontend\node_modules\jsdom\lib\jsdom\living\helpers\http-request.js:127:14)
    at ClientRequest.emit (node:events:524:28)
    at emitErrorEvent (node:_http_client:101:11)
    at Socket.socketErrorListener (node:_http_client:504:5)
    at Socket.emit (node:events:524:28)
    at emitErrorNT (node:internal/streams/destroy:169:8)
    at emitErrorCloseNT (node:internal/streams/destroy:128:3) undefined
[90mstderr[2m | Console.console.error (C:\Users\carlo\Documents\githubprojects
\stockease\frontend\src\__tests__\setup.ts:83:17)
[22m[39mAPI Error: Network Error

[90mstderr[2m | Console.console.error (C:\Users\carlo\Documents\githubprojects
\stockease\frontend\src\__tests__\setup.ts:83:17)
[22m[39mError fetching dashboard data: AxiosError: Network Error
    at XMLHttpRequest.handleError [90m(file:///C:/Users/carlo/Documents/githubp
rojects/stockease/frontend/[39mnode_modules/[4maxios[24m/lib/adapters/xhr.js:
112:20[90m)[39m
    at XMLHttpRequest.invokeTheCallbackFunction [90m(C:\Users\carlo\Documents\g
ithubprojects\stockease\frontend\[39mnode_modules\[4mjsdom[24m\lib\jsdom\livi
ng\generated\EventHandlerNonNull.js:14:28[90m)[39m
    at XMLHttpRequest.<anonymous> [90m(C:\Users\carlo\Documents\githubprojects\
stockease\frontend\[39mnode_modules\[4mjsdom[24m\lib\jsdom\living\helpers\cre
ate-event-accessor.js:35:32[90m)[39m
    at innerInvokeEventListeners [90m(C:\Users\carlo\Documents\githubprojects\s
tockease\frontend\[39mnode_modules\[4mjsdom[24m\lib\jsdom\living\events\Event
Target-impl.js:350:25[90m)[39m
    at invokeEventListeners [90m(C:\Users\carlo\Documents\githubprojects\stocke
ase\frontend\[39mnode_modules\[4mjsdom[24m\lib\jsdom\living\events\EventTarge
t-impl.js:286:3[90m)[39m
    at XMLHttpRequestImpl._dispatch [90m(C:\Users\carlo\Documents\githubproject
s\stockease\frontend\[39mnode_modules\[4mjsdom[24m\lib\jsdom\living\events\Ev
entTarget-impl.js:233:9[90m)[39m
    at fireAnEvent [90m(C:\Users\carlo\Documents\githubprojects\stockease\front
end\[39mnode_modules\[4mjsdom[24m\lib\jsdom\living\helpers\events.js:18:36[9
0m)[39m
    at requestErrorSteps [90m(C:\Users\carlo\Documents\githubprojects\stockease
\frontend\[39mnode_modules\[4mjsdom[24m\lib\jsdom\living\xhr\xhr-utils.js:131
:3[90m)[39m
    at Object.dispatchError [90m(C:\Users\carlo\Documents\githubprojects\stocke
ase\frontend\[39mnode_modules\[4mjsdom[24m\lib\jsdom\living\xhr\xhr-utils.js:
60:3[90m)[39m
    at Request.<anonymous> [90m(C:\Users\carlo\Documents\githubprojects\stockea
se\frontend\[39mnode_modules\[4mjsdom[24m\lib\jsdom\living\xhr\XMLHttpRequest
-impl.js:655:18[90m)[39m
    at Axios.request [90m(file:///C:/Users/carlo/Documents/githubprojects/stock
ease/frontend/[39mnode_modules/[4maxios[24m/lib/core/Axios.js:45:41[90m)[39
m
[90m    at processTicksAndRejections 
(node:internal/process/task_queues:95:5)[39m
    at async Promise.all (index 0)
    at Object.fetchDashboardData (C:/Users/carlo/Documents/githubprojects/stocke
ase/frontend/src/logic/DashboardLogic.ts:21:54)
    at fetchDashboardData (C:/Users/carlo/Documents/githubprojects/stockease/fro
ntend/src/pages/AdminDashboard.tsx:48:26) {
  code: [32m'ERR_NETWORK'[39m,
  config: {
    transitional: {
      silentJSONParsing: [33mtrue[39m,
      forcedJSONParsing: [33mtrue[39m,
      clarifyTimeoutError: [33mfalse[39m
    },
    adapter: [ [32m'xhr'[39m, [32m'http'[39m, [32m'fetch'[39m ],
    transformRequest: [ [36m[Function: transformRequest][39m ],
    transformResponse: [ [36m[Function: transformResponse][39m ],
    timeout: [33m120000[39m,
    xsrfCookieName: [32m'XSRF-TOKEN'[39m,
    xsrfHeaderName: [32m'X-XSRF-TOKEN'[39m,
    maxContentLength: [33m-1[39m,
    maxBodyLength: [33m-1[39m,
    env: { FormData: [36m[Function [FormData]][39m, Blob: [36m[class 
Blob][39m },
    validateStatus: [36m[Function: validateStatus][39m,
    headers: Object [AxiosHeaders] {
      Accept: [32m'application/json, text/plain, */*'[39m,
      [32m'Content-Type'[39m: [90mundefined[39m
    },
    baseURL: [32m'http://localhost:8081/api'[39m,
    method: [32m'get'[39m,
    url: [32m'/api/products/total-stock-value'[39m,
    allowAbsoluteUrls: [33mtrue[39m,
    data: [90mundefined[39m
  },
  request: XMLHttpRequest {},
  event: ProgressEvent { isTrusted: [36m[Getter][39m }
}

[90mstderr[2m | Console.console.error (C:\Users\carlo\Documents\githubprojects
\stockease\frontend\src\__tests__\setup.ts:83:17)
[22m[39mError fetching dashboard data: AxiosError: Network Error
    at XMLHttpRequest.handleError [90m(file:///C:/Users/carlo/Documents/githubp
rojects/stockease/frontend/[39mnode_modules/[4maxios[24m/lib/adapters/xhr.js:
112:20[90m)[39m
    at XMLHttpRequest.invokeTheCallbackFunction [90m(C:\Users\carlo\Documents\g
ithubprojects\stockease\frontend\[39mnode_modules\[4mjsdom[24m\lib\jsdom\livi
ng\generated\EventHandlerNonNull.js:14:28[90m)[39m
    at XMLHttpRequest.<anonymous> [90m(C:\Users\carlo\Documents\githubprojects\
stockease\frontend\[39mnode_modules\[4mjsdom[24m\lib\jsdom\living\helpers\cre
ate-event-accessor.js:35:32[90m)[39m
    at innerInvokeEventListeners [90m(C:\Users\carlo\Documents\githubprojects\s
tockease\frontend\[39mnode_modules\[4mjsdom[24m\lib\jsdom\living\events\Event
Target-impl.js:350:25[90m)[39m
    at invokeEventListeners [90m(C:\Users\carlo\Documents\githubprojects\stocke
ase\frontend\[39mnode_modules\[4mjsdom[24m\lib\jsdom\living\events\EventTarge
t-impl.js:286:3[90m)[39m
    at XMLHttpRequestImpl._dispatch [90m(C:\Users\carlo\Documents\githubproject
s\stockease\frontend\[39mnode_modules\[4mjsdom[24m\lib\jsdom\living\events\Ev
entTarget-impl.js:233:9[90m)[39m
    at fireAnEvent [90m(C:\Users\carlo\Documents\githubprojects\stockease\front
end\[39mnode_modules\[4mjsdom[24m\lib\jsdom\living\helpers\events.js:18:36[9
0m)[39m
    at requestErrorSteps [90m(C:\Users\carlo\Documents\githubprojects\stockease
\frontend\[39mnode_modules\[4mjsdom[24m\lib\jsdom\living\xhr\xhr-utils.js:131
:3[90m)[39m
    at Object.dispatchError [90m(C:\Users\carlo\Documents\githubprojects\stocke
ase\frontend\[39mnode_modules\[4mjsdom[24m\lib\jsdom\living\xhr\xhr-utils.js:
60:3[90m)[39m
    at Request.<anonymous> [90m(C:\Users\carlo\Documents\githubprojects\stockea
se\frontend\[39mnode_modules\[4mjsdom[24m\lib\jsdom\living\xhr\XMLHttpRequest
-impl.js:655:18[90m)[39m
    at Axios.request [90m(file:///C:/Users/carlo/Documents/githubprojects/stock
ease/frontend/[39mnode_modules/[4maxios[24m/lib/core/Axios.js:45:41[90m)[39
m
[90m    at processTicksAndRejections 
(node:internal/process/task_queues:95:5)[39m
    at async Promise.all (index 0)
    at Object.fetchDashboardData (C:/Users/carlo/Documents/githubprojects/stocke
ase/frontend/src/logic/DashboardLogic.ts:21:54)
    at fetchDashboardData (C:/Users/carlo/Documents/githubprojects/stockease/fro
ntend/src/pages/AdminDashboard.tsx:48:26) {
  code: [32m'ERR_NETWORK'[39m,
  config: {
    transitional: {
      silentJSONParsing: [33mtrue[39m,
      forcedJSONParsing: [33mtrue[39m,
      clarifyTimeoutError: [33mfalse[39m
    },
    adapter: [ [32m'xhr'[39m, [32m'http'[39m, [32m'fetch'[39m ],
    transformRequest: [ [36m[Function: transformRequest][39m ],
    transformResponse: [ [36m[Function: transformResponse][39m ],
    timeout: [33m120000[39m,
    xsrfCookieName: [32m'XSRF-TOKEN'[39m,
    xsrfHeaderName: [32m'X-XSRF-TOKEN'[39m,
    maxContentLength: [33m-1[39m,
    maxBodyLength: [33m-1[39m,
    env: { FormData: [36m[Function [FormData]][39m, Blob: [36m[class 
Blob][39m },
    validateStatus: [36m[Function: validateStatus][39m,
    headers: Object [AxiosHeaders] {
      Accept: [32m'application/json, text/plain, */*'[39m,
      [32m'Content-Type'[39m: [90mundefined[39m
    },
    baseURL: [32m'http://localhost:8081/api'[39m,
    method: [32m'get'[39m,
    url: [32m'/api/products/total-stock-value'[39m,
    allowAbsoluteUrls: [33mtrue[39m,
    data: [90mundefined[39m
  },
  request: XMLHttpRequest {},
  event: ProgressEvent { isTrusted: [36m[Getter][39m }
}

Error: AggregateError
    at Object.dispatchError (C:\Users\carlo\Documents\githubprojects\stockease\f
rontend\node_modules\jsdom\lib\jsdom\living\xhr\xhr-utils.js:63:19)
    at Request.<anonymous> (C:\Users\carlo\Documents\githubprojects\stockease\fr
ontend\node_modules\jsdom\lib\jsdom\living\xhr\XMLHttpRequest-impl.js:655:18)
    at Request.emit (node:events:536:35)
    at ClientRequest.<anonymous> (C:\Users\carlo\Documents\githubprojects\stocke
ase\frontend\node_modules\jsdom\lib\jsdom\living\helpers\http-request.js:127:14)
    at ClientRequest.emit (node:events:524:28)
    at emitErrorEvent (node:_http_client:101:11)
    at Socket.socketErrorListener (node:_http_client:504:5)
    at Socket.emit (node:events:524:28)
    at emitErrorNT (node:internal/streams/destroy:169:8)
    at emitErrorCloseNT (node:internal/streams/destroy:128:3) undefined
[90mstderr[2m | Console.console.error (C:\Users\carlo\Documents\githubprojects
\stockease\frontend\src\__tests__\setup.ts:83:17)
[22m[39mAPI Error: Network Error

Error: AggregateError
    at Object.dispatchError (C:\Users\carlo\Documents\githubprojects\stockease\f
rontend\node_modules\jsdom\lib\jsdom\living\xhr\xhr-utils.js:63:19)
    at Request.<anonymous> (C:\Users\carlo\Documents\githubprojects\stockease\fr
ontend\node_modules\jsdom\lib\jsdom\living\xhr\XMLHttpRequest-impl.js:655:18)
    at Request.emit (node:events:536:35)
    at ClientRequest.<anonymous> (C:\Users\carlo\Documents\githubprojects\stocke
ase\frontend\node_modules\jsdom\lib\jsdom\living\helpers\http-request.js:127:14)
    at ClientRequest.emit (node:events:524:28)
    at emitErrorEvent (node:_http_client:101:11)
    at Socket.socketErrorListener (node:_http_client:504:5)
    at Socket.emit (node:events:524:28)
    at emitErrorNT (node:internal/streams/destroy:169:8)
    at emitErrorCloseNT (node:internal/streams/destroy:128:3) undefined
[90mstderr[2m | Console.console.error (C:\Users\carlo\Documents\githubprojects
\stockease\frontend\src\__tests__\setup.ts:83:17)
[22m[39mAPI Error: Network Error

[90mstderr[2m | Console.console.error (C:\Users\carlo\Documents\githubprojects
\stockease\frontend\src\__tests__\setup.ts:83:17)
[22m[39mError fetching dashboard data: AxiosError: Network Error
    at XMLHttpRequest.handleError [90m(file:///C:/Users/carlo/Documents/githubp
rojects/stockease/frontend/[39mnode_modules/[4maxios[24m/lib/adapters/xhr.js:
112:20[90m)[39m
    at XMLHttpRequest.invokeTheCallbackFunction [90m(C:\Users\carlo\Documents\g
ithubprojects\stockease\frontend\[39mnode_modules\[4mjsdom[24m\lib\jsdom\livi
ng\generated\EventHandlerNonNull.js:14:28[90m)[39m
    at XMLHttpRequest.<anonymous> [90m(C:\Users\carlo\Documents\githubprojects\
stockease\frontend\[39mnode_modules\[4mjsdom[24m\lib\jsdom\living\helpers\cre
ate-event-accessor.js:35:32[90m)[39m
    at innerInvokeEventListeners [90m(C:\Users\carlo\Documents\githubprojects\s
tockease\frontend\[39mnode_modules\[4mjsdom[24m\lib\jsdom\living\events\Event
Target-impl.js:350:25[90m)[39m
    at invokeEventListeners [90m(C:\Users\carlo\Documents\githubprojects\stocke
ase\frontend\[39mnode_modules\[4mjsdom[24m\lib\jsdom\living\events\EventTarge
t-impl.js:286:3[90m)[39m
    at XMLHttpRequestImpl._dispatch [90m(C:\Users\carlo\Documents\githubproject
s\stockease\frontend\[39mnode_modules\[4mjsdom[24m\lib\jsdom\living\events\Ev
entTarget-impl.js:233:9[90m)[39m
    at fireAnEvent [90m(C:\Users\carlo\Documents\githubprojects\stockease\front
end\[39mnode_modules\[4mjsdom[24m\lib\jsdom\living\helpers\events.js:18:36[9
0m)[39m
    at requestErrorSteps [90m(C:\Users\carlo\Documents\githubprojects\stockease
\frontend\[39mnode_modules\[4mjsdom[24m\lib\jsdom\living\xhr\xhr-utils.js:131
:3[90m)[39m
    at Object.dispatchError [90m(C:\Users\carlo\Documents\githubprojects\stocke
ase\frontend\[39mnode_modules\[4mjsdom[24m\lib\jsdom\living\xhr\xhr-utils.js:
60:3[90m)[39m
    at Request.<anonymous> [90m(C:\Users\carlo\Documents\githubprojects\stockea
se\frontend\[39mnode_modules\[4mjsdom[24m\lib\jsdom\living\xhr\XMLHttpRequest
-impl.js:655:18[90m)[39m
    at Axios.request [90m(file:///C:/Users/carlo/Documents/githubprojects/stock
ease/frontend/[39mnode_modules/[4maxios[24m/lib/core/Axios.js:45:41[90m)[39
m
[90m    at processTicksAndRejections 
(node:internal/process/task_queues:95:5)[39m
    at async Promise.all (index 0)
    at Object.fetchDashboardData (C:/Users/carlo/Documents/githubprojects/stocke
ase/frontend/src/logic/DashboardLogic.ts:21:54)
    at fetchDashboardData (C:/Users/carlo/Documents/githubprojects/stockease/fro
ntend/src/pages/AdminDashboard.tsx:48:26) {
  code: [32m'ERR_NETWORK'[39m,
  config: {
    transitional: {
      silentJSONParsing: [33mtrue[39m,
      forcedJSONParsing: [33mtrue[39m,
      clarifyTimeoutError: [33mfalse[39m
    },
    adapter: [ [32m'xhr'[39m, [32m'http'[39m, [32m'fetch'[39m ],
    transformRequest: [ [36m[Function: transformRequest][39m ],
    transformResponse: [ [36m[Function: transformResponse][39m ],
    timeout: [33m120000[39m,
    xsrfCookieName: [32m'XSRF-TOKEN'[39m,
    xsrfHeaderName: [32m'X-XSRF-TOKEN'[39m,
    maxContentLength: [33m-1[39m,
    maxBodyLength: [33m-1[39m,
    env: { FormData: [36m[Function [FormData]][39m, Blob: [36m[class 
Blob][39m },
    validateStatus: [36m[Function: validateStatus][39m,
    headers: Object [AxiosHeaders] {
      Accept: [32m'application/json, text/plain, */*'[39m,
      [32m'Content-Type'[39m: [90mundefined[39m
    },
    baseURL: [32m'http://localhost:8081/api'[39m,
    method: [32m'get'[39m,
    url: [32m'/api/products/total-stock-value'[39m,
    allowAbsoluteUrls: [33mtrue[39m,
    data: [90mundefined[39m
  },
  request: XMLHttpRequest {},
  event: ProgressEvent { isTrusted: [36m[Getter][39m }
}

[90mstderr[2m | Console.console.error (C:\Users\carlo\Documents\githubprojects
\stockease\frontend\src\__tests__\setup.ts:83:17)
[22m[39mError fetching dashboard data: AxiosError: Network Error
    at XMLHttpRequest.handleError [90m(file:///C:/Users/carlo/Documents/githubp
rojects/stockease/frontend/[39mnode_modules/[4maxios[24m/lib/adapters/xhr.js:
112:20[90m)[39m
    at XMLHttpRequest.invokeTheCallbackFunction [90m(C:\Users\carlo\Documents\g
ithubprojects\stockease\frontend\[39mnode_modules\[4mjsdom[24m\lib\jsdom\livi
ng\generated\EventHandlerNonNull.js:14:28[90m)[39m
    at XMLHttpRequest.<anonymous> [90m(C:\Users\carlo\Documents\githubprojects\
stockease\frontend\[39mnode_modules\[4mjsdom[24m\lib\jsdom\living\helpers\cre
ate-event-accessor.js:35:32[90m)[39m
    at innerInvokeEventListeners [90m(C:\Users\carlo\Documents\githubprojects\s
tockease\frontend\[39mnode_modules\[4mjsdom[24m\lib\jsdom\living\events\Event
Target-impl.js:350:25[90m)[39m
    at invokeEventListeners [90m(C:\Users\carlo\Documents\githubprojects\stocke
ase\frontend\[39mnode_modules\[4mjsdom[24m\lib\jsdom\living\events\EventTarge
t-impl.js:286:3[90m)[39m
    at XMLHttpRequestImpl._dispatch [90m(C:\Users\carlo\Documents\githubproject
s\stockease\frontend\[39mnode_modules\[4mjsdom[24m\lib\jsdom\living\events\Ev
entTarget-impl.js:233:9[90m)[39m
    at fireAnEvent [90m(C:\Users\carlo\Documents\githubprojects\stockease\front
end\[39mnode_modules\[4mjsdom[24m\lib\jsdom\living\helpers\events.js:18:36[9
0m)[39m
    at requestErrorSteps [90m(C:\Users\carlo\Documents\githubprojects\stockease
\frontend\[39mnode_modules\[4mjsdom[24m\lib\jsdom\living\xhr\xhr-utils.js:131
:3[90m)[39m
    at Object.dispatchError [90m(C:\Users\carlo\Documents\githubprojects\stocke
ase\frontend\[39mnode_modules\[4mjsdom[24m\lib\jsdom\living\xhr\xhr-utils.js:
60:3[90m)[39m
    at Request.<anonymous> [90m(C:\Users\carlo\Documents\githubprojects\stockea
se\frontend\[39mnode_modules\[4mjsdom[24m\lib\jsdom\living\xhr\XMLHttpRequest
-impl.js:655:18[90m)[39m
    at Axios.request [90m(file:///C:/Users/carlo/Documents/githubprojects/stock
ease/frontend/[39mnode_modules/[4maxios[24m/lib/core/Axios.js:45:41[90m)[39
m
[90m    at processTicksAndRejections 
(node:internal/process/task_queues:95:5)[39m
    at async Promise.all (index 0)
    at Object.fetchDashboardData (C:/Users/carlo/Documents/githubprojects/stocke
ase/frontend/src/logic/DashboardLogic.ts:21:54)
    at fetchDashboardData (C:/Users/carlo/Documents/githubprojects/stockease/fro
ntend/src/pages/AdminDashboard.tsx:48:26) {
  code: [32m'ERR_NETWORK'[39m,
  config: {
    transitional: {
      silentJSONParsing: [33mtrue[39m,
      forcedJSONParsing: [33mtrue[39m,
      clarifyTimeoutError: [33mfalse[39m
    },
    adapter: [ [32m'xhr'[39m, [32m'http'[39m, [32m'fetch'[39m ],
    transformRequest: [ [36m[Function: transformRequest][39m ],
    transformResponse: [ [36m[Function: transformResponse][39m ],
    timeout: [33m120000[39m,
    xsrfCookieName: [32m'XSRF-TOKEN'[39m,
    xsrfHeaderName: [32m'X-XSRF-TOKEN'[39m,
    maxContentLength: [33m-1[39m,
    maxBodyLength: [33m-1[39m,
    env: { FormData: [36m[Function [FormData]][39m, Blob: [36m[class 
Blob][39m },
    validateStatus: [36m[Function: validateStatus][39m,
    headers: Object [AxiosHeaders] {
      Accept: [32m'application/json, text/plain, */*'[39m,
      [32m'Content-Type'[39m: [90mundefined[39m
    },
    baseURL: [32m'http://localhost:8081/api'[39m,
    method: [32m'get'[39m,
    url: [32m'/api/products/total-stock-value'[39m,
    allowAbsoluteUrls: [33mtrue[39m,
    data: [90mundefined[39m
  },
  request: XMLHttpRequest {},
  event: ProgressEvent { isTrusted: [36m[Getter][39m }
}

Error: AggregateError
    at Object.dispatchError (C:\Users\carlo\Documents\githubprojects\stockease\f
rontend\node_modules\jsdom\lib\jsdom\living\xhr\xhr-utils.js:63:19)
    at Request.<anonymous> (C:\Users\carlo\Documents\githubprojects\stockease\fr
ontend\node_modules\jsdom\lib\jsdom\living\xhr\XMLHttpRequest-impl.js:655:18)
    at Request.emit (node:events:536:35)
    at ClientRequest.<anonymous> (C:\Users\carlo\Documents\githubprojects\stocke
ase\frontend\node_modules\jsdom\lib\jsdom\living\helpers\http-request.js:127:14)
    at ClientRequest.emit (node:events:524:28)
    at emitErrorEvent (node:_http_client:101:11)
    at Socket.socketErrorListener (node:_http_client:504:5)
    at Socket.emit (node:events:524:28)
    at emitErrorNT (node:internal/streams/destroy:169:8)
    at emitErrorCloseNT (node:internal/streams/destroy:128:3) undefined
[90mstderr[2m | Console.console.error (C:\Users\carlo\Documents\githubprojects
\stockease\frontend\src\__tests__\setup.ts:83:17)
[22m[39mAPI Error: Network Error

Error: AggregateError
    at Object.dispatchError (C:\Users\carlo\Documents\githubprojects\stockease\f
rontend\node_modules\jsdom\lib\jsdom\living\xhr\xhr-utils.js:63:19)
    at Request.<anonymous> (C:\Users\carlo\Documents\githubprojects\stockease\fr
ontend\node_modules\jsdom\lib\jsdom\living\xhr\XMLHttpRequest-impl.js:655:18)
    at Request.emit (node:events:536:35)
    at ClientRequest.<anonymous> (C:\Users\carlo\Documents\githubprojects\stocke
ase\frontend\node_modules\jsdom\lib\jsdom\living\helpers\http-request.js:127:14)
    at ClientRequest.emit (node:events:524:28)
    at emitErrorEvent (node:_http_client:101:11)
    at Socket.socketErrorListener (node:_http_client:504:5)
    at Socket.emit (node:events:524:28)
    at emitErrorNT (node:internal/streams/destroy:169:8)
    at emitErrorCloseNT (node:internal/streams/destroy:128:3) undefined
[90mstderr[2m | Console.console.error (C:\Users\carlo\Documents\githubprojects
\stockease\frontend\src\__tests__\setup.ts:83:17)
[22m[39mAPI Error: Network Error

[90mstderr[2m | Console.console.error (C:\Users\carlo\Documents\githubprojects
\stockease\frontend\src\__tests__\setup.ts:83:17)
[22m[39mError fetching dashboard data: AxiosError: Network Error
    at XMLHttpRequest.handleError [90m(file:///C:/Users/carlo/Documents/githubp
rojects/stockease/frontend/[39mnode_modules/[4maxios[24m/lib/adapters/xhr.js:
112:20[90m)[39m
    at XMLHttpRequest.invokeTheCallbackFunction [90m(C:\Users\carlo\Documents\g
ithubprojects\stockease\frontend\[39mnode_modules\[4mjsdom[24m\lib\jsdom\livi
ng\generated\EventHandlerNonNull.js:14:28[90m)[39m
    at XMLHttpRequest.<anonymous> [90m(C:\Users\carlo\Documents\githubprojects\
stockease\frontend\[39mnode_modules\[4mjsdom[24m\lib\jsdom\living\helpers\cre
ate-event-accessor.js:35:32[90m)[39m
    at innerInvokeEventListeners [90m(C:\Users\carlo\Documents\githubprojects\s
tockease\frontend\[39mnode_modules\[4mjsdom[24m\lib\jsdom\living\events\Event
Target-impl.js:350:25[90m)[39m
    at invokeEventListeners [90m(C:\Users\carlo\Documents\githubprojects\stocke
ase\frontend\[39mnode_modules\[4mjsdom[24m\lib\jsdom\living\events\EventTarge
t-impl.js:286:3[90m)[39m
    at XMLHttpRequestImpl._dispatch [90m(C:\Users\carlo\Documents\githubproject
s\stockease\frontend\[39mnode_modules\[4mjsdom[24m\lib\jsdom\living\events\Ev
entTarget-impl.js:233:9[90m)[39m
    at fireAnEvent [90m(C:\Users\carlo\Documents\githubprojects\stockease\front
end\[39mnode_modules\[4mjsdom[24m\lib\jsdom\living\helpers\events.js:18:36[9
0m)[39m
    at requestErrorSteps [90m(C:\Users\carlo\Documents\githubprojects\stockease
\frontend\[39mnode_modules\[4mjsdom[24m\lib\jsdom\living\xhr\xhr-utils.js:131
:3[90m)[39m
    at Object.dispatchError [90m(C:\Users\carlo\Documents\githubprojects\stocke
ase\frontend\[39mnode_modules\[4mjsdom[24m\lib\jsdom\living\xhr\xhr-utils.js:
60:3[90m)[39m
    at Request.<anonymous> [90m(C:\Users\carlo\Documents\githubprojects\stockea
se\frontend\[39mnode_modules\[4mjsdom[24m\lib\jsdom\living\xhr\XMLHttpRequest
-impl.js:655:18[90m)[39m
    at Axios.request [90m(file:///C:/Users/carlo/Documents/githubprojects/stock
ease/frontend/[39mnode_modules/[4maxios[24m/lib/core/Axios.js:45:41[90m)[39
m
[90m    at processTicksAndRejections 
(node:internal/process/task_queues:95:5)[39m
    at async Promise.all (index 0)
    at Object.fetchDashboardData (C:/Users/carlo/Documents/githubprojects/stocke
ase/frontend/src/logic/DashboardLogic.ts:21:54)
    at fetchDashboardData (C:/Users/carlo/Documents/githubprojects/stockease/fro
ntend/src/pages/AdminDashboard.tsx:48:26) {
  code: [32m'ERR_NETWORK'[39m,
  config: {
    transitional: {
      silentJSONParsing: [33mtrue[39m,
      forcedJSONParsing: [33mtrue[39m,
      clarifyTimeoutError: [33mfalse[39m
    },
    adapter: [ [32m'xhr'[39m, [32m'http'[39m, [32m'fetch'[39m ],
    transformRequest: [ [36m[Function: transformRequest][39m ],
    transformResponse: [ [36m[Function: transformResponse][39m ],
    timeout: [33m120000[39m,
    xsrfCookieName: [32m'XSRF-TOKEN'[39m,
    xsrfHeaderName: [32m'X-XSRF-TOKEN'[39m,
    maxContentLength: [33m-1[39m,
    maxBodyLength: [33m-1[39m,
    env: { FormData: [36m[Function [FormData]][39m, Blob: [36m[class 
Blob][39m },
    validateStatus: [36m[Function: validateStatus][39m,
    headers: Object [AxiosHeaders] {
      Accept: [32m'application/json, text/plain, */*'[39m,
      [32m'Content-Type'[39m: [90mundefined[39m
    },
    baseURL: [32m'http://localhost:8081/api'[39m,
    method: [32m'get'[39m,
    url: [32m'/api/products/total-stock-value'[39m,
    allowAbsoluteUrls: [33mtrue[39m,
    data: [90mundefined[39m
  },
  request: XMLHttpRequest {},
  event: ProgressEvent { isTrusted: [36m[Getter][39m }
}

[90mstderr[2m | Console.console.error (C:\Users\carlo\Documents\githubprojects
\stockease\frontend\src\__tests__\setup.ts:83:17)
[22m[39mError fetching dashboard data: AxiosError: Network Error
    at XMLHttpRequest.handleError [90m(file:///C:/Users/carlo/Documents/githubp
rojects/stockease/frontend/[39mnode_modules/[4maxios[24m/lib/adapters/xhr.js:
112:20[90m)[39m
    at XMLHttpRequest.invokeTheCallbackFunction [90m(C:\Users\carlo\Documents\g
ithubprojects\stockease\frontend\[39mnode_modules\[4mjsdom[24m\lib\jsdom\livi
ng\generated\EventHandlerNonNull.js:14:28[90m)[39m
    at XMLHttpRequest.<anonymous> [90m(C:\Users\carlo\Documents\githubprojects\
stockease\frontend\[39mnode_modules\[4mjsdom[24m\lib\jsdom\living\helpers\cre
ate-event-accessor.js:35:32[90m)[39m
    at innerInvokeEventListeners [90m(C:\Users\carlo\Documents\githubprojects\s
tockease\frontend\[39mnode_modules\[4mjsdom[24m\lib\jsdom\living\events\Event
Target-impl.js:350:25[90m)[39m
    at invokeEventListeners [90m(C:\Users\carlo\Documents\githubprojects\stocke
ase\frontend\[39mnode_modules\[4mjsdom[24m\lib\jsdom\living\events\EventTarge
t-impl.js:286:3[90m)[39m
    at XMLHttpRequestImpl._dispatch [90m(C:\Users\carlo\Documents\githubproject
s\stockease\frontend\[39mnode_modules\[4mjsdom[24m\lib\jsdom\living\events\Ev
entTarget-impl.js:233:9[90m)[39m
    at fireAnEvent [90m(C:\Users\carlo\Documents\githubprojects\stockease\front
end\[39mnode_modules\[4mjsdom[24m\lib\jsdom\living\helpers\events.js:18:36[9
0m)[39m
    at requestErrorSteps [90m(C:\Users\carlo\Documents\githubprojects\stockease
\frontend\[39mnode_modules\[4mjsdom[24m\lib\jsdom\living\xhr\xhr-utils.js:131
:3[90m)[39m
    at Object.dispatchError [90m(C:\Users\carlo\Documents\githubprojects\stocke
ase\frontend\[39mnode_modules\[4mjsdom[24m\lib\jsdom\living\xhr\xhr-utils.js:
60:3[90m)[39m
    at Request.<anonymous> [90m(C:\Users\carlo\Documents\githubprojects\stockea
se\frontend\[39mnode_modules\[4mjsdom[24m\lib\jsdom\living\xhr\XMLHttpRequest
-impl.js:655:18[90m)[39m
    at Axios.request [90m(file:///C:/Users/carlo/Documents/githubprojects/stock
ease/frontend/[39mnode_modules/[4maxios[24m/lib/core/Axios.js:45:41[90m)[39
m
[90m    at processTicksAndRejections 
(node:internal/process/task_queues:95:5)[39m
    at async Promise.all (index 0)
    at Object.fetchDashboardData (C:/Users/carlo/Documents/githubprojects/stocke
ase/frontend/src/logic/DashboardLogic.ts:21:54)
    at fetchDashboardData (C:/Users/carlo/Documents/githubprojects/stockease/fro
ntend/src/pages/AdminDashboard.tsx:48:26) {
  code: [32m'ERR_NETWORK'[39m,
  config: {
    transitional: {
      silentJSONParsing: [33mtrue[39m,
      forcedJSONParsing: [33mtrue[39m,
      clarifyTimeoutError: [33mfalse[39m
    },
    adapter: [ [32m'xhr'[39m, [32m'http'[39m, [32m'fetch'[39m ],
    transformRequest: [ [36m[Function: transformRequest][39m ],
    transformResponse: [ [36m[Function: transformResponse][39m ],
    timeout: [33m120000[39m,
    xsrfCookieName: [32m'XSRF-TOKEN'[39m,
    xsrfHeaderName: [32m'X-XSRF-TOKEN'[39m,
    maxContentLength: [33m-1[39m,
    maxBodyLength: [33m-1[39m,
    env: { FormData: [36m[Function [FormData]][39m, Blob: [36m[class 
Blob][39m },
    validateStatus: [36m[Function: validateStatus][39m,
    headers: Object [AxiosHeaders] {
      Accept: [32m'application/json, text/plain, */*'[39m,
      [32m'Content-Type'[39m: [90mundefined[39m
    },
    baseURL: [32m'http://localhost:8081/api'[39m,
    method: [32m'get'[39m,
    url: [32m'/api/products/total-stock-value'[39m,
    allowAbsoluteUrls: [33mtrue[39m,
    data: [90mundefined[39m
  },
  request: XMLHttpRequest {},
  event: ProgressEvent { isTrusted: [36m[Getter][39m }
}

Error: AggregateError
    at Object.dispatchError (C:\Users\carlo\Documents\githubprojects\stockease\f
rontend\node_modules\jsdom\lib\jsdom\living\xhr\xhr-utils.js:63:19)
    at Request.<anonymous> (C:\Users\carlo\Documents\githubprojects\stockease\fr
ontend\node_modules\jsdom\lib\jsdom\living\xhr\XMLHttpRequest-impl.js:655:18)
    at Request.emit (node:events:536:35)
    at ClientRequest.<anonymous> (C:\Users\carlo\Documents\githubprojects\stocke
ase\frontend\node_modules\jsdom\lib\jsdom\living\helpers\http-request.js:127:14)
    at ClientRequest.emit (node:events:524:28)
    at emitErrorEvent (node:_http_client:101:11)
    at Socket.socketErrorListener (node:_http_client:504:5)
    at Socket.emit (node:events:524:28)
    at emitErrorNT (node:internal/streams/destroy:169:8)
    at emitErrorCloseNT (node:internal/streams/destroy:128:3) undefined
[90mstderr[2m | Console.console.error (C:\Users\carlo\Documents\githubprojects
\stockease\frontend\src\__tests__\setup.ts:83:17)
[22m[39mAPI Error: Network Error

[90mstderr[2m | Console.console.error (C:\Users\carlo\Documents\githubprojects
\stockease\frontend\src\__tests__\setup.ts:83:17)
[22m[39mAPI Error: Network Error

Error: AggregateError
    at Object.dispatchError (C:\Users\carlo\Documents\githubprojects\stockease\f
rontend\node_modules\jsdom\lib\jsdom\living\xhr\xhr-utils.js:63:19)
    at Request.<anonymous> (C:\Users\carlo\Documents\githubprojects\stockease\fr
ontend\node_modules\jsdom\lib\jsdom\living\xhr\XMLHttpRequest-impl.js:655:18)
    at Request.emit (node:events:536:35)
    at ClientRequest.<anonymous> (C:\Users\carlo\Documents\githubprojects\stocke
ase\frontend\node_modules\jsdom\lib\jsdom\living\helpers\http-request.js:127:14)
    at ClientRequest.emit (node:events:524:28)
    at emitErrorEvent (node:_http_client:101:11)
    at Socket.socketErrorListener (node:_http_client:504:5)
    at Socket.emit (node:events:524:28)
    at emitErrorNT (node:internal/streams/destroy:169:8)
    at emitErrorCloseNT (node:internal/streams/destroy:128:3) undefined
[90mstderr[2m | Console.console.error (C:\Users\carlo\Documents\githubprojects
\stockease\frontend\src\__tests__\setup.ts:83:17)
[22m[39mError fetching dashboard data: AxiosError: Network Error
    at XMLHttpRequest.handleError [90m(file:///C:/Users/carlo/Documents/githubp
rojects/stockease/frontend/[39mnode_modules/[4maxios[24m/lib/adapters/xhr.js:
112:20[90m)[39m
    at XMLHttpRequest.invokeTheCallbackFunction [90m(C:\Users\carlo\Documents\g
ithubprojects\stockease\frontend\[39mnode_modules\[4mjsdom[24m\lib\jsdom\livi
ng\generated\EventHandlerNonNull.js:14:28[90m)[39m
    at XMLHttpRequest.<anonymous> [90m(C:\Users\carlo\Documents\githubprojects\
stockease\frontend\[39mnode_modules\[4mjsdom[24m\lib\jsdom\living\helpers\cre
ate-event-accessor.js:35:32[90m)[39m
    at innerInvokeEventListeners [90m(C:\Users\carlo\Documents\githubprojects\s
tockease\frontend\[39mnode_modules\[4mjsdom[24m\lib\jsdom\living\events\Event
Target-impl.js:350:25[90m)[39m
    at invokeEventListeners [90m(C:\Users\carlo\Documents\githubprojects\stocke
ase\frontend\[39mnode_modules\[4mjsdom[24m\lib\jsdom\living\events\EventTarge
t-impl.js:286:3[90m)[39m
    at XMLHttpRequestImpl._dispatch [90m(C:\Users\carlo\Documents\githubproject
s\stockease\frontend\[39mnode_modules\[4mjsdom[24m\lib\jsdom\living\events\Ev
entTarget-impl.js:233:9[90m)[39m
    at fireAnEvent [90m(C:\Users\carlo\Documents\githubprojects\stockease\front
end\[39mnode_modules\[4mjsdom[24m\lib\jsdom\living\helpers\events.js:18:36[9
0m)[39m
    at requestErrorSteps [90m(C:\Users\carlo\Documents\githubprojects\stockease
\frontend\[39mnode_modules\[4mjsdom[24m\lib\jsdom\living\xhr\xhr-utils.js:131
:3[90m)[39m
    at Object.dispatchError [90m(C:\Users\carlo\Documents\githubprojects\stocke
ase\frontend\[39mnode_modules\[4mjsdom[24m\lib\jsdom\living\xhr\xhr-utils.js:
60:3[90m)[39m
    at Request.<anonymous> [90m(C:\Users\carlo\Documents\githubprojects\stockea
se\frontend\[39mnode_modules\[4mjsdom[24m\lib\jsdom\living\xhr\XMLHttpRequest
-impl.js:655:18[90m)[39m
    at Axios.request [90m(file:///C:/Users/carlo/Documents/githubprojects/stock
ease/frontend/[39mnode_modules/[4maxios[24m/lib/core/Axios.js:45:41[90m)[39
m
[90m    at processTicksAndRejections 
(node:internal/process/task_queues:95:5)[39m
    at async Promise.all (index 0)
    at Object.fetchDashboardData (C:/Users/carlo/Documents/githubprojects/stocke
ase/frontend/src/logic/DashboardLogic.ts:21:54)
    at fetchDashboardData (C:/Users/carlo/Documents/githubprojects/stockease/fro
ntend/src/pages/UserDashboard.tsx:51:42) {
  code: [32m'ERR_NETWORK'[39m,
  config: {
    transitional: {
      silentJSONParsing: [33mtrue[39m,
      forcedJSONParsing: [33mtrue[39m,
      clarifyTimeoutError: [33mfalse[39m
    },
    adapter: [ [32m'xhr'[39m, [32m'http'[39m, [32m'fetch'[39m ],
    transformRequest: [ [36m[Function: transformRequest][39m ],
    transformResponse: [ [36m[Function: transformResponse][39m ],
    timeout: [33m120000[39m,
    xsrfCookieName: [32m'XSRF-TOKEN'[39m,
    xsrfHeaderName: [32m'X-XSRF-TOKEN'[39m,
    maxContentLength: [33m-1[39m,
    maxBodyLength: [33m-1[39m,
    env: { FormData: [36m[Function [FormData]][39m, Blob: [36m[class 
Blob][39m },
    validateStatus: [36m[Function: validateStatus][39m,
    headers: Object [AxiosHeaders] {
      Accept: [32m'application/json, text/plain, */*'[39m,
      [32m'Content-Type'[39m: [90mundefined[39m
    },
    baseURL: [32m'http://localhost:8081/api'[39m,
    method: [32m'get'[39m,
    url: [32m'/api/products/total-stock-value'[39m,
    allowAbsoluteUrls: [33mtrue[39m,
    data: [90mundefined[39m
  },
  request: XMLHttpRequest {},
  event: ProgressEvent { isTrusted: [36m[Getter][39m }
}

Error: AggregateError
    at Object.dispatchError (C:\Users\carlo\Documents\githubprojects\stockease\f
rontend\node_modules\jsdom\lib\jsdom\living\xhr\xhr-utils.js:63:19)
    at Request.<anonymous> (C:\Users\carlo\Documents\githubprojects\stockease\fr
ontend\node_modules\jsdom\lib\jsdom\living\xhr\XMLHttpRequest-impl.js:655:18)
    at Request.emit (node:events:536:35)
    at ClientRequest.<anonymous> (C:\Users\carlo\Documents\githubprojects\stocke
ase\frontend\node_modules\jsdom\lib\jsdom\living\helpers\http-request.js:127:14)
    at ClientRequest.emit (node:events:524:28)
    at emitErrorEvent (node:_http_client:101:11)
    at Socket.socketErrorListener (node:_http_client:504:5)
    at Socket.emit (node:events:524:28)
    at emitErrorNT (node:internal/streams/destroy:169:8)
    at emitErrorCloseNT (node:internal/streams/destroy:128:3) undefined
[90mstderr[2m | Console.console.error (C:\Users\carlo\Documents\githubprojects
\stockease\frontend\src\__tests__\setup.ts:83:17)
[22m[39mError fetching dashboard data: AxiosError: Network Error
    at XMLHttpRequest.handleError [90m(file:///C:/Users/carlo/Documents/githubp
rojects/stockease/frontend/[39mnode_modules/[4maxios[24m/lib/adapters/xhr.js:
112:20[90m)[39m
    at XMLHttpRequest.invokeTheCallbackFunction [90m(C:\Users\carlo\Documents\g
ithubprojects\stockease\frontend\[39mnode_modules\[4mjsdom[24m\lib\jsdom\livi
ng\generated\EventHandlerNonNull.js:14:28[90m)[39m
    at XMLHttpRequest.<anonymous> [90m(C:\Users\carlo\Documents\githubprojects\
stockease\frontend\[39mnode_modules\[4mjsdom[24m\lib\jsdom\living\helpers\cre
ate-event-accessor.js:35:32[90m)[39m
    at innerInvokeEventListeners [90m(C:\Users\carlo\Documents\githubprojects\s
tockease\frontend\[39mnode_modules\[4mjsdom[24m\lib\jsdom\living\events\Event
Target-impl.js:350:25[90m)[39m
    at invokeEventListeners [90m(C:\Users\carlo\Documents\githubprojects\stocke
ase\frontend\[39mnode_modules\[4mjsdom[24m\lib\jsdom\living\events\EventTarge
t-impl.js:286:3[90m)[39m
    at XMLHttpRequestImpl._dispatch [90m(C:\Users\carlo\Documents\githubproject
s\stockease\frontend\[39mnode_modules\[4mjsdom[24m\lib\jsdom\living\events\Ev
entTarget-impl.js:233:9[90m)[39m
    at fireAnEvent [90m(C:\Users\carlo\Documents\githubprojects\stockease\front
end\[39mnode_modules\[4mjsdom[24m\lib\jsdom\living\helpers\events.js:18:36[9
0m)[39m
    at requestErrorSteps [90m(C:\Users\carlo\Documents\githubprojects\stockease
\frontend\[39mnode_modules\[4mjsdom[24m\lib\jsdom\living\xhr\xhr-utils.js:131
:3[90m)[39m
    at Object.dispatchError [90m(C:\Users\carlo\Documents\githubprojects\stocke
ase\frontend\[39mnode_modules\[4mjsdom[24m\lib\jsdom\living\xhr\xhr-utils.js:
60:3[90m)[39m
    at Request.<anonymous> [90m(C:\Users\carlo\Documents\githubprojects\stockea
se\frontend\[39mnode_modules\[4mjsdom[24m\lib\jsdom\living\xhr\XMLHttpRequest
-impl.js:655:18[90m)[39m
    at Axios.request [90m(file:///C:/Users/carlo/Documents/githubprojects/stock
ease/frontend/[39mnode_modules/[4maxios[24m/lib/core/Axios.js:45:41[90m)[39
m
[90m    at processTicksAndRejections 
(node:internal/process/task_queues:95:5)[39m
    at async Promise.all (index 0)
    at Object.fetchDashboardData (C:/Users/carlo/Documents/githubprojects/stocke
ase/frontend/src/logic/DashboardLogic.ts:21:54)
    at fetchDashboardData (C:/Users/carlo/Documents/githubprojects/stockease/fro
ntend/src/pages/UserDashboard.tsx:51:42) {
  code: [32m'ERR_NETWORK'[39m,
  config: {
    transitional: {
      silentJSONParsing: [33mtrue[39m,
      forcedJSONParsing: [33mtrue[39m,
      clarifyTimeoutError: [33mfalse[39m
    },
    adapter: [ [32m'xhr'[39m, [32m'http'[39m, [32m'fetch'[39m ],
    transformRequest: [ [36m[Function: transformRequest][39m ],
    transformResponse: [ [36m[Function: transformResponse][39m ],
    timeout: [33m120000[39m,
    xsrfCookieName: [32m'XSRF-TOKEN'[39m,
    xsrfHeaderName: [32m'X-XSRF-TOKEN'[39m,
    maxContentLength: [33m-1[39m,
    maxBodyLength: [33m-1[39m,
    env: { FormData: [36m[Function [FormData]][39m, Blob: [36m[class 
Blob][39m },
    validateStatus: [36m[Function: validateStatus][39m,
    headers: Object [AxiosHeaders] {
      Accept: [32m'application/json, text/plain, */*'[39m,
      [32m'Content-Type'[39m: [90mundefined[39m
    },
    baseURL: [32m'http://localhost:8081/api'[39m,
    method: [32m'get'[39m,
    url: [32m'/api/products/total-stock-value'[39m,
    allowAbsoluteUrls: [33mtrue[39m,
    data: [90mundefined[39m
  },
  request: XMLHttpRequest {},
  event: ProgressEvent { isTrusted: [36m[Getter][39m }
}

[90mstderr[2m | Console.console.error (C:\Users\carlo\Documents\githubprojects
\stockease\frontend\src\__tests__\setup.ts:83:17)
[22m[39mAPI Error: Network Error


[31mÔÄ»ÔÄ»ÔÄ»ÔÄ»ÔÄ»ÔÄ»[39m[1m[41m Failed Tests 10 
[49m[22m[31mÔÄ»ÔÄ»ÔÄ»ÔÄ»ÔÄ»ÔÄ»ÔÄ»[39m

[41m[1m FAIL [22m[49m 
src/__tests__/integration/workflow-integration.test.tsx[2m > [22mIntegration 
Tests - Multi-Component Workflows[2m > [22mApp-Level Routing and Provider 
Integration[2m > [22mshould render App with Router and i18n providers
[41m[1m FAIL [22m[49m 
src/__tests__/integration/workflow-integration.test.tsx[2m > [22mIntegration 
Tests - Multi-Component Workflows[2m > [22mApp-Level Routing and Provider 
Integration[2m > [22mshould render HomePage as default route
[41m[1m FAIL [22m[49m 
src/__tests__/integration/workflow-integration.test.tsx[2m > [22mIntegration 
Tests - Multi-Component Workflows[2m > [22mApp-Level Routing and Provider 
Integration[2m > [22mshould support navigation to different routes
[41m[1m FAIL [22m[49m 
src/__tests__/integration/workflow-integration.test.tsx[2m > [22mIntegration 
Tests - Multi-Component Workflows[2m > [22mApp-Level Routing and Provider 
Integration[2m > [22mshould maintain i18n provider across all routes
[41m[1m FAIL [22m[49m 
src/__tests__/integration/workflow-integration.test.tsx[2m > [22mIntegration 
Tests - Multi-Component Workflows[2m > [22mApp-Level Routing and Provider 
Integration[2m > [22mshould persist localStorage across route changes
[31m[1mError[22m: You cannot render a <Router> inside another <Router>. You 
should never have more than one in your app.[39m
[90m [2mÔØ»[22m invariant node_modules/react-router/dist/development/chunk-UI
GDSWPH.mjs:[2m188:11[22m[39m
[90m [2mÔØ»[22m Router node_modules/react-router/dist/development/chunk-UIGDS
WPH.mjs:[2m6411:3[22m[39m
[90m [2mÔØ»[22m renderWithHooks 
node_modules/react-dom/cjs/react-dom.development.js:[2m15486:18[22m[39m
[90m [2mÔØ»[22m mountIndeterminateComponent 
node_modules/react-dom/cjs/react-dom.development.js:[2m20103:13[22m[39m
[90m [2mÔØ»[22m beginWork 
node_modules/react-dom/cjs/react-dom.development.js:[2m21626:16[22m[39m
[90m [2mÔØ»[22m beginWork$1 
node_modules/react-dom/cjs/react-dom.development.js:[2m27465:14[22m[39m
[90m [2mÔØ»[22m performUnitOfWork 
node_modules/react-dom/cjs/react-dom.development.js:[2m26599:12[22m[39m
[90m [2mÔØ»[22m workLoopSync 
node_modules/react-dom/cjs/react-dom.development.js:[2m26505:5[22m[39m
[90m [2mÔØ»[22m renderRootSync 
node_modules/react-dom/cjs/react-dom.development.js:[2m26473:7[22m[39m
[90m [2mÔØ»[22m recoverFromConcurrentError 
node_modules/react-dom/cjs/react-dom.development.js:[2m25889:20[22m[39m

[31m[2mÔÄ»ÔÄ»ÔÄ»ÔÄ»ÔÄ»ÔÄ»ÔÄ»ÔÄ»ÔÄ»ÔÄ»ÔÄ»ÔÄ»ÔÄ»ÔÄ»ÔÄ»ÔÄ»ÔÄ»ÔÄ»ÔÄ»ÔÄ»ÔÄ»ÔÄ»ÔÄ»[1
/10]ÔÄ»[22m[39m

[41m[1m FAIL [22m[49m 
src/__tests__/integration/workflow-integration.test.tsx[2m > [22mIntegration 
Tests - Multi-Component Workflows[2m > [22mLanguage Switching Across 
Components[2m > [22mshould persist language change to localStorage
[31m[1mAssertionError[22m: expected undefined to be 'de' // Object.is 
equality[39m

[32m- Expected:[39m 
"de"

[31m+ Received:[39m 
undefined

[36m [2mÔØ»[22m 
src/__tests__/integration/workflow-integration.test.tsx:[2m194:48[22m[39m
    [90m192| [39m      [35mawait[39m 
i18n[33m.[39m[34mchangeLanguage[39m(targetLanguage)[33m;[39m
    [90m193| [39m
    [90m194| [39m      [34mexpect[39m(localStorage[33m.[39m[34mgetItem[3
9m([32m'language'[39m))[33m.[39m[34mtoBe[39m(targetLanguage)[33m;[39m
    [90m   | [39m                                               [31m^[39m
    [90m195| [39m    })[33m;[39m
    [90m196| [39m

[31m[2mÔÄ»ÔÄ»ÔÄ»ÔÄ»ÔÄ»ÔÄ»ÔÄ»ÔÄ»ÔÄ»ÔÄ»ÔÄ»ÔÄ»ÔÄ»ÔÄ»ÔÄ»ÔÄ»ÔÄ»ÔÄ»ÔÄ»ÔÄ»ÔÄ»ÔÄ»ÔÄ»[2
/10]ÔÄ»[22m[39m

[41m[1m FAIL [22m[49m 
src/__tests__/integration/workflow-integration.test.tsx[2m > [22mIntegration 
Tests - Multi-Component Workflows[2m > [22mLanguage Switching Across 
Components[2m > [22mshould apply language change across multiple page renders
[31m[1mAssertionError[22m: expected 'en' to be 'de' // Object.is 
equality[39m

Expected: [32m"[7md[27me"[39m
Received: [31m"e[7mn[27m"[39m

[36m [2mÔØ»[22m 
src/__tests__/integration/workflow-integration.test.tsx:[2m212:29[22m[39m
    [90m210| [39m      )[33m;[39m
    [90m211| [39m
    [90m212| [39m      [34mexpect[39m(i18n[33m.[39mlanguage)[33m.[39m[3
4mtoBe[39m(targetLanguage)[33m;[39m
    [90m   | [39m                            [31m^[39m
    [90m213| [39m    })[33m;[39m
    [90m214| [39m  })[33m;[39m

[31m[2mÔÄ»ÔÄ»ÔÄ»ÔÄ»ÔÄ»ÔÄ»ÔÄ»ÔÄ»ÔÄ»ÔÄ»ÔÄ»ÔÄ»ÔÄ»ÔÄ»ÔÄ»ÔÄ»ÔÄ»ÔÄ»ÔÄ»ÔÄ»ÔÄ»ÔÄ»ÔÄ»[3
/10]ÔÄ»[22m[39m

[41m[1m FAIL [22m[49m 
src/__tests__/integration/workflow-integration.test.tsx[2m > [22mIntegration 
Tests - Multi-Component Workflows[2m > [22mState Persistence Across 
Components[2m > [22mshould maintain authentication state across pages
[31m[1mAssertionError[22m: expected undefined to be 'jwt-token-123' // 
Object.is equality[39m

[32m- Expected:[39m 
"jwt-token-123"

[31m+ Received:[39m 
undefined

[36m [2mÔØ»[22m 
src/__tests__/integration/workflow-integration.test.tsx:[2m227:45[22m[39m
    [90m225| [39m      
[34mrenderWithProviders[39m([33m<[39m[33mHomePage[39m 
[33m/[39m[33m>[39m)[33m;[39m
    [90m226| [39m
    [90m227| [39m      [34mexpect[39m(localStorage[33m.[39m[34mgetItem[3
9m([32m'token'[39m))[33m.[39m[34mtoBe[39m([32m'jwt-token-123'[39m)[33m;
[39m
    [90m   | [39m                                            [31m^[39m
    [90m228| [39m      [34mexpect[39m(localStorage[33m.[39m[34mgetItem[3
9m([32m'role'[39m))[33m.[39m[34mtoBe[39m([32m'ROLE_ADMIN'[39m)[33m;[39
m
    [90m229| [39m    })[33m;[39m

[31m[2mÔÄ»ÔÄ»ÔÄ»ÔÄ»ÔÄ»ÔÄ»ÔÄ»ÔÄ»ÔÄ»ÔÄ»ÔÄ»ÔÄ»ÔÄ»ÔÄ»ÔÄ»ÔÄ»ÔÄ»ÔÄ»ÔÄ»ÔÄ»ÔÄ»ÔÄ»ÔÄ»[4
/10]ÔÄ»[22m[39m

[41m[1m FAIL [22m[49m 
src/__tests__/integration/workflow-integration.test.tsx[2m > [22mIntegration 
Tests - Multi-Component Workflows[2m > [22mState Persistence Across 
Components[2m > [22mshould maintain dark mode preference across pages
[31m[1mAssertionError[22m: expected undefined to be 'enabled' // Object.is 
equality[39m

[32m- Expected:[39m 
"enabled"

[31m+ Received:[39m 
undefined

[36m [2mÔØ»[22m 
src/__tests__/integration/workflow-integration.test.tsx:[2m236:48[22m[39m
    [90m234| [39m      [35mconst[39m { rerender } [33m=[39m 
[34mrenderWithProviders[39m([33m<[39m[33mHomePage[39m 
[33m/[39m[33m>[39m)[33m;[39m
    [90m235| [39m
    [90m236| [39m      [34mexpect[39m(localStorage[33m.[39m[34mgetItem[3
9m([32m'darkMode'[39m))[33m.[39m[34mtoBe[39m([32m'enabled'[39m)[33m;[3
9m
    [90m   | [39m                                               [31m^[39m
    [90m237| [39m
    [90m238| [39m      [34mrerender[39m(

[31m[2mÔÄ»ÔÄ»ÔÄ»ÔÄ»ÔÄ»ÔÄ»ÔÄ»ÔÄ»ÔÄ»ÔÄ»ÔÄ»ÔÄ»ÔÄ»ÔÄ»ÔÄ»ÔÄ»ÔÄ»ÔÄ»ÔÄ»ÔÄ»ÔÄ»ÔÄ»ÔÄ»[5
/10]ÔÄ»[22m[39m

[41m[1m FAIL [22m[49m 
src/__tests__/integration/workflow-integration.test.tsx[2m > [22mIntegration 
Tests - Multi-Component Workflows[2m > [22mState Persistence Across 
Components[2m > [22mshould preserve user preferences across component 
unmount/remount
[31m[1mAssertionError[22m: expected undefined to be 'de' // Object.is 
equality[39m

[32m- Expected:[39m 
"de"

[31m+ Received:[39m 
undefined

[36m [2mÔØ»[22m 
src/__tests__/integration/workflow-integration.test.tsx:[2m267:43[22m[39m
    [90m265| [39m
    [90m266| [39m      [33mObject[39m[33m.[39m[34mentries[39m(preference
s)[33m.[39m[34mforEach[39m(([key[33m,[39m value]) [33m=>[39m {
    [90m267| [39m        [34mexpect[39m(localStorage[33m.[39m[34mgetItem
[39m(key))[33m.[39m[34mtoBe[39m(value)[33m;[39m
    [90m   | [39m                                          [31m^[39m
    [90m268| [39m      })[33m;[39m
    [90m269| [39m    })[33m;[39m
[90m [2mÔØ»[22m 
src/__tests__/integration/workflow-integration.test.tsx:[2m266:35[22m[39m

[31m[2mÔÄ»ÔÄ»ÔÄ»ÔÄ»ÔÄ»ÔÄ»ÔÄ»ÔÄ»ÔÄ»ÔÄ»ÔÄ»ÔÄ»ÔÄ»ÔÄ»ÔÄ»ÔÄ»ÔÄ»ÔÄ»ÔÄ»ÔÄ»ÔÄ»ÔÄ»ÔÄ»[6
/10]ÔÄ»[22m[39m


[2m Test Files [22m [1m[31m1 failed[39m[22m[90m (1)[39m
[2m      Tests [22m [1m[31m10 failed[39m[22m[2m | [22m[1m[32m15 passed[39m[22m[90m (25)[39m
[2m   Start at [22m 09:31:17
[2m   Duration [22m 4.65s[2m (transform 854ms, setup 482ms, collect 1.61s, tests 610ms, environment 835ms, prepare 24ms)[22m

